Archive member included to satisfy reference by file (symbol)

c:/st/stm32cubeide_1.8.0/stm32cubeide/plugins/com.st.stm32cube.ide.mcu.externaltools.gnu-tools-for-stm32.10.3-2021.10.win32_1.0.0.202111181127/tools/bin/../lib/gcc/arm-none-eabi/10.3.1/../../../../arm-none-eabi/lib/thumb/v7e-m+dp/hard\libm.a(lib_a-wf_atan2.o)
                              ./Core/Inc/LSM6_IMU.o (atan2f)
c:/st/stm32cubeide_1.8.0/stm32cubeide/plugins/com.st.stm32cube.ide.mcu.externaltools.gnu-tools-for-stm32.10.3-2021.10.win32_1.0.0.202111181127/tools/bin/../lib/gcc/arm-none-eabi/10.3.1/../../../../arm-none-eabi/lib/thumb/v7e-m+dp/hard\libm.a(lib_a-wf_sqrt.o)
                              ./Core/Inc/LSM6_IMU.o (sqrtf)
c:/st/stm32cubeide_1.8.0/stm32cubeide/plugins/com.st.stm32cube.ide.mcu.externaltools.gnu-tools-for-stm32.10.3-2021.10.win32_1.0.0.202111181127/tools/bin/../lib/gcc/arm-none-eabi/10.3.1/../../../../arm-none-eabi/lib/thumb/v7e-m+dp/hard\libm.a(lib_a-ef_atan2.o)
                              c:/st/stm32cubeide_1.8.0/stm32cubeide/plugins/com.st.stm32cube.ide.mcu.externaltools.gnu-tools-for-stm32.10.3-2021.10.win32_1.0.0.202111181127/tools/bin/../lib/gcc/arm-none-eabi/10.3.1/../../../../arm-none-eabi/lib/thumb/v7e-m+dp/hard\libm.a(lib_a-wf_atan2.o) (__ieee754_atan2f)
c:/st/stm32cubeide_1.8.0/stm32cubeide/plugins/com.st.stm32cube.ide.mcu.externaltools.gnu-tools-for-stm32.10.3-2021.10.win32_1.0.0.202111181127/tools/bin/../lib/gcc/arm-none-eabi/10.3.1/../../../../arm-none-eabi/lib/thumb/v7e-m+dp/hard\libm.a(lib_a-ef_sqrt.o)
                              c:/st/stm32cubeide_1.8.0/stm32cubeide/plugins/com.st.stm32cube.ide.mcu.externaltools.gnu-tools-for-stm32.10.3-2021.10.win32_1.0.0.202111181127/tools/bin/../lib/gcc/arm-none-eabi/10.3.1/../../../../arm-none-eabi/lib/thumb/v7e-m+dp/hard\libm.a(lib_a-wf_sqrt.o) (__ieee754_sqrtf)
c:/st/stm32cubeide_1.8.0/stm32cubeide/plugins/com.st.stm32cube.ide.mcu.externaltools.gnu-tools-for-stm32.10.3-2021.10.win32_1.0.0.202111181127/tools/bin/../lib/gcc/arm-none-eabi/10.3.1/../../../../arm-none-eabi/lib/thumb/v7e-m+dp/hard\libm.a(lib_a-sf_atan.o)
                              c:/st/stm32cubeide_1.8.0/stm32cubeide/plugins/com.st.stm32cube.ide.mcu.externaltools.gnu-tools-for-stm32.10.3-2021.10.win32_1.0.0.202111181127/tools/bin/../lib/gcc/arm-none-eabi/10.3.1/../../../../arm-none-eabi/lib/thumb/v7e-m+dp/hard\libm.a(lib_a-ef_atan2.o) (atanf)
c:/st/stm32cubeide_1.8.0/stm32cubeide/plugins/com.st.stm32cube.ide.mcu.externaltools.gnu-tools-for-stm32.10.3-2021.10.win32_1.0.0.202111181127/tools/bin/../lib/gcc/arm-none-eabi/10.3.1/../../../../arm-none-eabi/lib/thumb/v7e-m+dp/hard\libm.a(lib_a-sf_fabs.o)
                              c:/st/stm32cubeide_1.8.0/stm32cubeide/plugins/com.st.stm32cube.ide.mcu.externaltools.gnu-tools-for-stm32.10.3-2021.10.win32_1.0.0.202111181127/tools/bin/../lib/gcc/arm-none-eabi/10.3.1/../../../../arm-none-eabi/lib/thumb/v7e-m+dp/hard\libm.a(lib_a-ef_atan2.o) (fabsf)
c:/st/stm32cubeide_1.8.0/stm32cubeide/plugins/com.st.stm32cube.ide.mcu.externaltools.gnu-tools-for-stm32.10.3-2021.10.win32_1.0.0.202111181127/tools/bin/../lib/gcc/arm-none-eabi/10.3.1/../../../../arm-none-eabi/lib/thumb/v7e-m+dp/hard\libc_nano.a(lib_a-errno.o)
                              ./Core/Src/syscalls.o (__errno)
c:/st/stm32cubeide_1.8.0/stm32cubeide/plugins/com.st.stm32cube.ide.mcu.externaltools.gnu-tools-for-stm32.10.3-2021.10.win32_1.0.0.202111181127/tools/bin/../lib/gcc/arm-none-eabi/10.3.1/../../../../arm-none-eabi/lib/thumb/v7e-m+dp/hard\libc_nano.a(lib_a-exit.o)
                              c:/st/stm32cubeide_1.8.0/stm32cubeide/plugins/com.st.stm32cube.ide.mcu.externaltools.gnu-tools-for-stm32.10.3-2021.10.win32_1.0.0.202111181127/tools/bin/../lib/gcc/arm-none-eabi/10.3.1/../../../../arm-none-eabi/lib/thumb/v7e-m+dp/hard/crt0.o (exit)
c:/st/stm32cubeide_1.8.0/stm32cubeide/plugins/com.st.stm32cube.ide.mcu.externaltools.gnu-tools-for-stm32.10.3-2021.10.win32_1.0.0.202111181127/tools/bin/../lib/gcc/arm-none-eabi/10.3.1/../../../../arm-none-eabi/lib/thumb/v7e-m+dp/hard\libc_nano.a(lib_a-impure.o)
                              c:/st/stm32cubeide_1.8.0/stm32cubeide/plugins/com.st.stm32cube.ide.mcu.externaltools.gnu-tools-for-stm32.10.3-2021.10.win32_1.0.0.202111181127/tools/bin/../lib/gcc/arm-none-eabi/10.3.1/../../../../arm-none-eabi/lib/thumb/v7e-m+dp/hard\libc_nano.a(lib_a-exit.o) (_global_impure_ptr)
c:/st/stm32cubeide_1.8.0/stm32cubeide/plugins/com.st.stm32cube.ide.mcu.externaltools.gnu-tools-for-stm32.10.3-2021.10.win32_1.0.0.202111181127/tools/bin/../lib/gcc/arm-none-eabi/10.3.1/../../../../arm-none-eabi/lib/thumb/v7e-m+dp/hard\libc_nano.a(lib_a-init.o)
                              c:/st/stm32cubeide_1.8.0/stm32cubeide/plugins/com.st.stm32cube.ide.mcu.externaltools.gnu-tools-for-stm32.10.3-2021.10.win32_1.0.0.202111181127/tools/bin/../lib/gcc/arm-none-eabi/10.3.1/../../../../arm-none-eabi/lib/thumb/v7e-m+dp/hard/crt0.o (__libc_init_array)
[...]
Memory Configuration

Name             Origin             Length             Attributes
RAM              0x0000000020000000 0x0000000000080000 xrw
FLASH            0x0000000008000000 0x0000000000200000 xr
*default*        0x0000000000000000 0xffffffffffffffff

Linker script and memory map

LOAD c:/st/stm32cubeide_1.8.0/stm32cubeide/plugins/com.st.stm32cube.ide.mcu.externaltools.gnu-tools-for-stm32.10.3-2021.10.win32_1.0.0.202111181127/tools/bin/../lib/gcc/arm-none-eabi/10.3.1/thumb/v7e-m+dp/hard/crti.o
LOAD c:/st/stm32cubeide_1.8.0/stm32cubeide/plugins/com.st.stm32cube.ide.mcu.externaltools.gnu-tools-for-stm32.10.3-2021.10.win32_1.0.0.202111181127/tools/bin/../lib/gcc/arm-none-eabi/10.3.1/thumb/v7e-m+dp/hard/crtbegin.o
LOAD c:/st/stm32cubeide_1.8.0/stm32cubeide/plugins/com.st.stm32cube.ide.mcu.externaltools.gnu-tools-for-stm32.10.3-2021.10.win32_1.0.0.202111181127/tools/bin/../lib/gcc/arm-none-eabi/10.3.1/../../../../arm-none-eabi/lib/thumb/v7e-m+dp/hard/crt0.o
LOAD ./Core/Inc/DHT22_TempHumidity.o
LOAD ./Core/Inc/LSM6_IMU.o
LOAD ./Core/Inc/Step_Motor.o
LOAD ./Core/Src/freertos.o
LOAD ./Core/Src/main.o
LOAD ./Core/Src/stm32f7xx_hal_msp.o
LOAD ./Core/Src/stm32f7xx_it.o
LOAD ./Core/Src/syscalls.o
LOAD ./Core/Src/sysmem.o
LOAD ./Core/Src/system_stm32f7xx.o
LOAD ./Core/Startup/startup_stm32f767zitx.o
LOAD ./Drivers/STM32F7xx_HAL_Driver/Src/stm32f7xx_hal.o
LOAD ./Drivers/STM32F7xx_HAL_Driver/Src/stm32f7xx_hal_cortex.o
LOAD ./Drivers/STM32F7xx_HAL_Driver/Src/stm32f7xx_hal_dma.o
LOAD ./Drivers/STM32F7xx_HAL_Driver/Src/stm32f7xx_hal_dma_ex.o
LOAD ./Drivers/STM32F7xx_HAL_Driver/Src/stm32f7xx_hal_exti.o
LOAD ./Drivers/STM32F7xx_HAL_Driver/Src/stm32f7xx_hal_flash.o
LOAD ./Drivers/STM32F7xx_HAL_Driver/Src/stm32f7xx_hal_flash_ex.o
LOAD ./Drivers/STM32F7xx_HAL_Driver/Src/stm32f7xx_hal_gpio.o
LOAD ./Drivers/STM32F7xx_HAL_Driver/Src/stm32f7xx_hal_i2c.o
LOAD ./Drivers/STM32F7xx_HAL_Driver/Src/stm32f7xx_hal_i2c_ex.o
LOAD ./Drivers/STM32F7xx_HAL_Driver/Src/stm32f7xx_hal_pcd.o
LOAD ./Drivers/STM32F7xx_HAL_Driver/Src/stm32f7xx_hal_pcd_ex.o
LOAD ./Drivers/STM32F7xx_HAL_Driver/Src/stm32f7xx_hal_pwr.o
LOAD ./Drivers/STM32F7xx_HAL_Driver/Src/stm32f7xx_hal_pwr_ex.o
LOAD ./Drivers/STM32F7xx_HAL_Driver/Src/stm32f7xx_hal_rcc.o
LOAD ./Drivers/STM32F7xx_HAL_Driver/Src/stm32f7xx_hal_rcc_ex.o
LOAD ./Drivers/STM32F7xx_HAL_Driver/Src/stm32f7xx_hal_tim.o
LOAD ./Drivers/STM32F7xx_HAL_Driver/Src/stm32f7xx_hal_tim_ex.o
LOAD ./Drivers/STM32F7xx_HAL_Driver/Src/stm32f7xx_hal_uart.o
LOAD ./Drivers/STM32F7xx_HAL_Driver/Src/stm32f7xx_hal_uart_ex.o
LOAD ./Drivers/STM32F7xx_HAL_Driver/Src/stm32f7xx_ll_usb.o
LOAD ./Middlewares/Third_Party/FreeRTOS/Source/CMSIS_RTOS/cmsis_os.o
LOAD ./Middlewares/Third_Party/FreeRTOS/Source/croutine.o
LOAD ./Middlewares/Third_Party/FreeRTOS/Source/event_groups.o
LOAD ./Middlewares/Third_Party/FreeRTOS/Source/list.o
LOAD ./Middlewares/Third_Party/FreeRTOS/Source/queue.o
LOAD ./Middlewares/Third_Party/FreeRTOS/Source/stream_buffer.o
LOAD ./Middlewares/Third_Party/FreeRTOS/Source/tasks.o
LOAD ./Middlewares/Third_Party/FreeRTOS/Source/timers.o
LOAD ./Middlewares/Third_Party/FreeRTOS/Source/portable/GCC/ARM_CM7/r0p1/port.o
LOAD ./Middlewares/Third_Party/FreeRTOS/Source/portable/MemMang/heap_4.o
START GROUP
LOAD c:/st/stm32cubeide_1.8.0/stm32cubeide/plugins/com.st.stm32cube.ide.mcu.externaltools.gnu-tools-for-stm32.10.3-2021.10.win32_1.0.0.202111181127/tools/bin/../lib/gcc/arm-none-eabi/10.3.1/../../../../arm-none-eabi/lib/thumb/v7e-m+dp/hard\libstdc++_nano.a
LOAD c:/st/stm32cubeide_1.8.0/stm32cubeide/plugins/com.st.stm32cube.ide.mcu.externaltools.gnu-tools-for-stm32.10.3-2021.10.win32_1.0.0.202111181127/tools/bin/../lib/gcc/arm-none-eabi/10.3.1/../../../../arm-none-eabi/lib/thumb/v7e-m+dp/hard\libsupc++_nano.a
END GROUP
LOAD c:/st/stm32cubeide_1.8.0/stm32cubeide/plugins/com.st.stm32cube.ide.mcu.externaltools.gnu-tools-for-stm32.10.3-2021.10.win32_1.0.0.202111181127/tools/bin/../lib/gcc/arm-none-eabi/10.3.1/../../../../arm-none-eabi/lib/thumb/v7e-m+dp/hard\libstdc++_nano.a
LOAD c:/st/stm32cubeide_1.8.0/stm32cubeide/plugins/com.st.stm32cube.ide.mcu.externaltools.gnu-tools-for-stm32.10.3-2021.10.win32_1.0.0.202111181127/tools/bin/../lib/gcc/arm-none-eabi/10.3.1/../../../../arm-none-eabi/lib/thumb/v7e-m+dp/hard\libm.a
LOAD c:/st/stm32cubeide_1.8.0/stm32cubeide/plugins/com.st.stm32cube.ide.mcu.externaltools.gnu-tools-for-stm32.10.3-2021.10.win32_1.0.0.202111181127/tools/bin/../lib/gcc/arm-none-eabi/10.3.1/../../../../arm-none-eabi/lib/thumb/v7e-m+dp/hard\libc_nano.a
START GROUP
LOAD c:/st/stm32cubeide_1.8.0/stm32cubeide/plugins/com.st.stm32cube.ide.mcu.externaltools.gnu-tools-for-stm32.10.3-2021.10.win32_1.0.0.202111181127/tools/bin/../lib/gcc/arm-none-eabi/10.3.1/thumb/v7e-m+dp/hard\libgcc.a
LOAD c:/st/stm32cubeide_1.8.0/stm32cubeide/plugins/com.st.stm32cube.ide.mcu.externaltools.gnu-tools-for-stm32.10.3-2021.10.win32_1.0.0.202111181127/tools/bin/../lib/gcc/arm-none-eabi/10.3.1/../../../../arm-none-eabi/lib/thumb/v7e-m+dp/hard\libc_nano.a
END GROUP
START GROUP
LOAD c:/st/stm32cubeide_1.8.0/stm32cubeide/plugins/com.st.stm32cube.ide.mcu.externaltools.gnu-tools-for-stm32.10.3-2021.10.win32_1.0.0.202111181127/tools/bin/../lib/gcc/arm-none-eabi/10.3.1/thumb/v7e-m+dp/hard\libgcc.a
LOAD c:/st/stm32cubeide_1.8.0/stm32cubeide/plugins/com.st.stm32cube.ide.mcu.externaltools.gnu-tools-for-stm32.10.3-2021.10.win32_1.0.0.202111181127/tools/bin/../lib/gcc/arm-none-eabi/10.3.1/../../../../arm-none-eabi/lib/thumb/v7e-m+dp/hard\libc_nano.a
LOAD c:/st/stm32cubeide_1.8.0/stm32cubeide/plugins/com.st.stm32cube.ide.mcu.externaltools.gnu-tools-for-stm32.10.3-2021.10.win32_1.0.0.202111181127/tools/bin/../lib/gcc/arm-none-eabi/10.3.1/../../../../arm-none-eabi/lib/thumb/v7e-m+dp/hard\libnosys.a
END GROUP
START GROUP
LOAD c:/st/stm32cubeide_1.8.0/stm32cubeide/plugins/com.st.stm32cube.ide.mcu.externaltools.gnu-tools-for-stm32.10.3-2021.10.win32_1.0.0.202111181127/tools/bin/../lib/gcc/arm-none-eabi/10.3.1/thumb/v7e-m+dp/hard\libgcc.a
LOAD c:/st/stm32cubeide_1.8.0/stm32cubeide/plugins/com.st.stm32cube.ide.mcu.externaltools.gnu-tools-for-stm32.10.3-2021.10.win32_1.0.0.202111181127/tools/bin/../lib/gcc/arm-none-eabi/10.3.1/../../../../arm-none-eabi/lib/thumb/v7e-m+dp/hard\libc_nano.a
LOAD c:/st/stm32cubeide_1.8.0/stm32cubeide/plugins/com.st.stm32cube.ide.mcu.externaltools.gnu-tools-for-stm32.10.3-2021.10.win32_1.0.0.202111181127/tools/bin/../lib/gcc/arm-none-eabi/10.3.1/../../../../arm-none-eabi/lib/thumb/v7e-m+dp/hard\libnosys.a
END GROUP
LOAD c:/st/stm32cubeide_1.8.0/stm32cubeide/plugins/com.st.stm32cube.ide.mcu.externaltools.gnu-tools-for-stm32.10.3-2021.10.win32_1.0.0.202111181127/tools/bin/../lib/gcc/arm-none-eabi/10.3.1/thumb/v7e-m+dp/hard/crtend.o
LOAD c:/st/stm32cubeide_1.8.0/stm32cubeide/plugins/com.st.stm32cube.ide.mcu.externaltools.gnu-tools-for-stm32.10.3-2021.10.win32_1.0.0.202111181127/tools/bin/../lib/gcc/arm-none-eabi/10.3.1/thumb/v7e-m+dp/hard/crtn.o
                0x0000000020080000                _estack = (ORIGIN (RAM) + LENGTH (RAM))
                0x0000000000000200                _Min_Heap_Size = 0x200
                0x0000000000000400                _Min_Stack_Size = 0x400

.isr_vector     0x0000000008000000      0x1f8
                0x0000000008000000                . = ALIGN (0x4)
 *(.isr_vector)
 .isr_vector    0x0000000008000000      0x1f8 ./Core/Startup/startup_stm32f767zitx.o
                0x0000000008000000                g_pfnVectors
                0x00000000080001f8                . = ALIGN (0x4)

.text           0x0000000008000200     0xf1c0
                0x0000000008000200                . = ALIGN (0x4)
 *(.text)
 .text          0x0000000008000200       0x40 c:/st/stm32cubeide_1.8.0/stm32cubeide/plugins/com.st.stm32cube.ide.mcu.externaltools.gnu-tools-for-stm32.10.3-2021.10.win32_1.0.0.202111181127/tools/bin/../lib/gcc/arm-none-eabi/10.3.1/thumb/v7e-m+dp/hard/crtbegin.o
 .text          0x0000000008000240       0x10 c:/st/stm32cubeide_1.8.0/stm32cubeide/plugins/com.st.stm32cube.ide.mcu.externaltools.gnu-tools-for-stm32.10.3-2021.10.win32_1.0.0.202111181127/tools/bin/../lib/gcc/arm-none-eabi/10.3.1/../../../../arm-none-eabi/lib/thumb/v7e-m+dp/hard\libc_nano.a(lib_a-strlen.o)
                0x0000000008000240                strlen
 .text          0x0000000008000250       0xa0 c:/st/stm32cubeide_1.8.0/stm32cubeide/plugins/com.st.stm32cube.ide.mcu.externaltools.gnu-tools-for-stm32.10.3-2021.10.win32_1.0.0.202111181127/tools/bin/../lib/gcc/arm-none-eabi/10.3.1/../../../../arm-none-eabi/lib/thumb/v7e-m+dp/hard\libc_nano.a(lib_a-memchr.o)
                0x0000000008000250                memchr
 .text          0x00000000080002f0      0x378 c:/st/stm32cubeide_1.8.0/stm32cubeide/plugins/com.st.stm32cube.ide.mcu.externaltools.gnu-tools-for-stm32.10.3-2021.10.win32_1.0.0.202111181127/tools/bin/../lib/gcc/arm-none-eabi/10.3.1/thumb/v7e-m+dp/hard\libgcc.a(_arm_addsubdf3.o)
                0x00000000080002f0                __aeabi_drsub
                0x00000000080002f8                __aeabi_dsub
                0x00000000080002f8                __subdf3
                0x00000000080002fc                __aeabi_dadd
                0x00000000080002fc                __adddf3
                0x0000000008000574                __floatunsidf
                0x0000000008000574                __aeabi_ui2d
                0x0000000008000594                __floatsidf
                0x0000000008000594                __aeabi_i2d
                0x00000000080005b8                __aeabi_f2d
                0x00000000080005b8                __extendsfdf2
                0x00000000080005fc                __floatundidf
                0x00000000080005fc                __aeabi_ul2d
                0x000000000800060c                __floatdidf
                0x000000000800060c                __aeabi_l2d
 .text          0x0000000008000668       0x30 c:/st/stm32cubeide_1.8.0/stm32cubeide/plugins/com.st.stm32cube.ide.mcu.externaltools.gnu-tools-for-stm32.10.3-2021.10.win32_1.0.0.202111181127/tools/bin/../lib/gcc/arm-none-eabi/10.3.1/thumb/v7e-m+dp/hard\libgcc.a(_aeabi_uldivmod.o)
                0x0000000008000668                __aeabi_uldivmod
 .text          0x0000000008000698       0x30 c:/st/stm32cubeide_1.8.0/stm32cubeide/plugins/com.st.stm32cube.ide.mcu.externaltools.gnu-tools-for-stm32.10.3-2021.10.win32_1.0.0.202111181127/tools/bin/../lib/gcc/arm-none-eabi/10.3.1/thumb/v7e-m+dp/hard\libgcc.a(_fixdfdi.o)
                0x0000000008000698                __fixdfdi
                0x0000000008000698                __aeabi_d2lz
 .text          0x00000000080006c8       0x40 c:/st/stm32cubeide_1.8.0/stm32cubeide/plugins/com.st.stm32cube.ide.mcu.externaltools.gnu-tools-for-stm32.10.3-2021.10.win32_1.0.0.202111181127/tools/bin/../lib/gcc/arm-none-eabi/10.3.1/thumb/v7e-m+dp/hard\libgcc.a(_fixunsdfdi.o)
                0x00000000080006c8                __fixunsdfdi
                0x00000000080006c8                __aeabi_d2ulz
 .text          0x0000000008000708      0x2d0 c:/st/stm32cubeide_1.8.0/stm32cubeide/plugins/com.st.stm32cube.ide.mcu.externaltools.gnu-tools-for-stm32.10.3-2021.10.win32_1.0.0.202111181127/tools/bin/../lib/gcc/arm-none-eabi/10.3.1/thumb/v7e-m+dp/hard\libgcc.a(_udivmoddi4.o)
                0x0000000008000708                __udivmoddi4
 .text          0x00000000080009d8        0x4 c:/st/stm32cubeide_1.8.0/stm32cubeide/plugins/com.st.stm32cube.ide.mcu.externaltools.gnu-tools-for-stm32.10.3-2021.10.win32_1.0.0.202111181127/tools/bin/../lib/gcc/arm-none-eabi/10.3.1/thumb/v7e-m+dp/hard\libgcc.a(_dvmd_tls.o)
                0x00000000080009d8                __aeabi_idiv0
                0x00000000080009d8                __aeabi_ldiv0
 *(.text*)
 .text._ZN5DHT2217pinChangeCallBackEv
                0x00000000080009dc       0x60 ./Core/Inc/DHT22_TempHumidity.o
                0x00000000080009dc                DHT22::pinChangeCallBack()
 .text._ZN5DHT227delayUsEt
                0x0000000008000a3c       0x3c ./Core/Inc/DHT22_TempHumidity.o
                0x0000000008000a3c                DHT22::delayUs(unsigned short)
 .text._ZN5DHT226outputEv
                0x0000000008000a78       0x3c ./Core/Inc/DHT22_TempHumidity.o
                0x0000000008000a78                DHT22::output()
 .text._ZN5DHT225inputEv
                0x0000000008000ab4       0x34 ./Core/Inc/DHT22_TempHumidity.o
                0x0000000008000ab4                DHT22::input()
 .text._ZN5DHT226decodeEPh
                0x0000000008000ae8      0x10e ./Core/Inc/DHT22_TempHumidity.o
                0x0000000008000ae8                DHT22::decode(unsigned char*)
 .text._ZN5DHT224initEP17TIM_HandleTypeDeftP12GPIO_TypeDeft
                0x0000000008000bf6       0x8a ./Core/Inc/DHT22_TempHumidity.o
                0x0000000008000bf6                DHT22::init(TIM_HandleTypeDef*, unsigned short, GPIO_TypeDef*, unsigned short)
 .text._ZN5DHT224readEv
                0x0000000008000c80      0x114 ./Core/Inc/DHT22_TempHumidity.o
                0x0000000008000c80                DHT22::read()
 .text._ZN4LSM6C2Ev
                0x0000000008000d94       0x2c ./Core/Inc/LSM6_IMU.o
                0x0000000008000d94                LSM6::LSM6()
                0x0000000008000d94                LSM6::LSM6()
 .text._ZN4LSM64initE19__I2C_HandleTypeDefNS_10deviceTypeENS_8sa0StateE
                0x0000000008000dc0       0x88 ./Core/Inc/LSM6_IMU.o
                0x0000000008000dc0                LSM6::init(__I2C_HandleTypeDef, LSM6::deviceType, LSM6::sa0State)
 .text._ZN4LSM613enableDefaultEv
                0x0000000008000e48       0x38 ./Core/Inc/LSM6_IMU.o
                0x0000000008000e48                LSM6::enableDefault()
 .text._ZN4LSM68writeRegEhh
                0x0000000008000e80       0x42 ./Core/Inc/LSM6_IMU.o
                0x0000000008000e80                LSM6::writeReg(unsigned char, unsigned char)
 .text._ZN4LSM67readRegEh
                0x0000000008000ec2       0x4e ./Core/Inc/LSM6_IMU.o
                0x0000000008000ec2                LSM6::readReg(unsigned char)
 .text._ZN4LSM67readAccEv
                0x0000000008000f10       0x8e ./Core/Inc/LSM6_IMU.o
                0x0000000008000f10                LSM6::readAcc()
 .text._ZN4LSM68readGyroEv
                0x0000000008000f9e       0x8e ./Core/Inc/LSM6_IMU.o
                0x0000000008000f9e                LSM6::readGyro()
 .text._ZN4LSM64readEv
                0x000000000800102c       0x22 ./Core/Inc/LSM6_IMU.o
                0x000000000800102c                LSM6::read()
 *fill*         0x000000000800104e        0x2 
 .text._ZN4LSM612scaleVectorsEv
                0x0000000008001050      0x1a4 ./Core/Inc/LSM6_IMU.o
                0x0000000008001050                LSM6::scaleVectors()
 .text._ZN10Step_Motor3runEi
                0x00000000080011f4       0x5c ./Core/Inc/Step_Motor.o
                0x00000000080011f4                Step_Motor::run(int)
 .text._ZN10Step_Motor4stepEi
                0x0000000008001250       0x5a ./Core/Inc/Step_Motor.o
                0x0000000008001250                Step_Motor::step(int)
 .text._ZN10Step_Motor4stopEv
                0x00000000080012aa       0x30 ./Core/Inc/Step_Motor.o
                0x00000000080012aa                Step_Motor::stop()
 .text._ZN10Step_Motor4initEP12GPIO_TypeDeftS1_tS1_tS1_t
                0x00000000080012da       0x9e ./Core/Inc/Step_Motor.o
                0x00000000080012da                Step_Motor::init(GPIO_TypeDef*, unsigned short, GPIO_TypeDef*, unsigned short, GPIO_TypeDef*, unsigned short, GPIO_TypeDef*, unsigned short)
 .text.vApplicationGetIdleTaskMemory
                0x0000000008001378       0x34 ./Core/Src/freertos.o
                0x0000000008001378                vApplicationGetIdleTaskMemory
 .text.vApplicationGetTimerTaskMemory
                0x00000000080013ac       0x34 ./Core/Src/freertos.o
                0x00000000080013ac                vApplicationGetTimerTaskMemory
 .text.HAL_GPIO_EXTI_Callback
                0x00000000080013e0       0x28 ./Core/Src/main.o
                0x00000000080013e0                HAL_GPIO_EXTI_Callback
 .text.HAL_UART_RxCpltCallback
                0x0000000008001408       0x6c ./Core/Src/main.o
                0x0000000008001408                HAL_UART_RxCpltCallback
 .text.main     0x0000000008001474       0xcc ./Core/Src/main.o
                0x0000000008001474                main
 .text._Z18SystemClock_Configv
                0x0000000008001540      0x100 ./Core/Src/main.o
                0x0000000008001540                SystemClock_Config()
 .text._ZL12MX_I2C1_Initv
                0x0000000008001640       0x9c ./Core/Src/main.o
 .text._ZL12MX_TIM2_Initv
                0x00000000080016dc      0x120 ./Core/Src/main.o
 .text._ZL12MX_TIM3_Initv
                0x00000000080017fc       0xbc ./Core/Src/main.o
 .text._ZL19MX_USART3_UART_Initv
                0x00000000080018b8       0x68 ./Core/Src/main.o
 .text._ZL22MX_USB_OTG_FS_PCD_Initv
                0x0000000008001920       0x64 ./Core/Src/main.o
 .text._ZL12MX_GPIO_Initv
                0x0000000008001984      0x2a8 ./Core/Src/main.o
 .text._ZN10Step_MotorC2Ev
                0x0000000008001c2c       0x1e ./Core/Src/main.o
                0x0000000008001c2c                Step_Motor::Step_Motor()
                0x0000000008001c2c                Step_Motor::Step_Motor()
 *fill*         0x0000000008001c4a        0x2 
 .text._Z21Motors_control_methodPKv
                0x0000000008001c4c       0x78 ./Core/Src/main.o
                0x0000000008001c4c                Motors_control_method(void const*)
 .text._Z21Sensor_reading_methodPKv
                0x0000000008001cc4       0x70 ./Core/Src/main.o
                0x0000000008001cc4                Sensor_reading_method(void const*)
 .text._Z18Send_data_via_UARTPKv
                0x0000000008001d34       0xb0 ./Core/Src/main.o
                0x0000000008001d34                Send_data_via_UART(void const*)
 .text.Error_Handler
                0x0000000008001de4        0xa ./Core/Src/main.o
                0x0000000008001de4                Error_Handler
 *fill*         0x0000000008001dee        0x2 
 .text._Z41__static_initialization_and_destruction_0ii
                0x0000000008001df0       0x2c ./Core/Src/main.o
 .text._GLOBAL__sub_I_hi2c1
                0x0000000008001e1c       0x10 ./Core/Src/main.o
 .text.HAL_MspInit
                0x0000000008001e2c       0x50 ./Core/Src/stm32f7xx_hal_msp.o
                0x0000000008001e2c                HAL_MspInit
 .text.HAL_I2C_MspInit
                0x0000000008001e7c       0xc0 ./Core/Src/stm32f7xx_hal_msp.o
                0x0000000008001e7c                HAL_I2C_MspInit
 .text.HAL_TIM_Base_MspInit
                0x0000000008001f3c       0x80 ./Core/Src/stm32f7xx_hal_msp.o
                0x0000000008001f3c                HAL_TIM_Base_MspInit
 .text.HAL_TIM_MspPostInit
                0x0000000008001fbc       0x6c ./Core/Src/stm32f7xx_hal_msp.o
                0x0000000008001fbc                HAL_TIM_MspPostInit
 .text.HAL_UART_MspInit
                0x0000000008002028       0xd0 ./Core/Src/stm32f7xx_hal_msp.o
                0x0000000008002028                HAL_UART_MspInit
 .text.HAL_PCD_MspInit
                0x00000000080020f8       0xf4 ./Core/Src/stm32f7xx_hal_msp.o
                0x00000000080020f8                HAL_PCD_MspInit
 .text.NMI_Handler
                0x00000000080021ec        0x6 ./Core/Src/stm32f7xx_it.o
                0x00000000080021ec                NMI_Handler
 .text.HardFault_Handler
                0x00000000080021f2        0x6 ./Core/Src/stm32f7xx_it.o
                0x00000000080021f2                HardFault_Handler
 .text.MemManage_Handler
                0x00000000080021f8        0x6 ./Core/Src/stm32f7xx_it.o
                0x00000000080021f8                MemManage_Handler
 .text.BusFault_Handler
                0x00000000080021fe        0x6 ./Core/Src/stm32f7xx_it.o
                0x00000000080021fe                BusFault_Handler
 .text.UsageFault_Handler
                0x0000000008002204        0x6 ./Core/Src/stm32f7xx_it.o
                0x0000000008002204                UsageFault_Handler
 .text.DebugMon_Handler
                0x000000000800220a        0xe ./Core/Src/stm32f7xx_it.o
                0x000000000800220a                DebugMon_Handler
 .text.SysTick_Handler
                0x0000000008002218       0x1a ./Core/Src/stm32f7xx_it.o
                0x0000000008002218                SysTick_Handler
 .text.EXTI3_IRQHandler
                0x0000000008002232        0xe ./Core/Src/stm32f7xx_it.o
                0x0000000008002232                EXTI3_IRQHandler
 .text.TIM2_IRQHandler
                0x0000000008002240       0x14 ./Core/Src/stm32f7xx_it.o
                0x0000000008002240                TIM2_IRQHandler
 .text.TIM3_IRQHandler
                0x0000000008002254       0x14 ./Core/Src/stm32f7xx_it.o
                0x0000000008002254                TIM3_IRQHandler
 .text.USART3_IRQHandler
                0x0000000008002268       0x14 ./Core/Src/stm32f7xx_it.o
                0x0000000008002268                USART3_IRQHandler
 .text.EXTI15_10_IRQHandler
                0x000000000800227c       0x10 ./Core/Src/stm32f7xx_it.o
                0x000000000800227c                EXTI15_10_IRQHandler
 .text._getpid  0x000000000800228c       0x10 ./Core/Src/syscalls.o
                0x000000000800228c                _getpid
 .text._kill    0x000000000800229c       0x20 ./Core/Src/syscalls.o
                0x000000000800229c                _kill
 .text._exit    0x00000000080022bc       0x14 ./Core/Src/syscalls.o
                0x00000000080022bc                _exit
 .text._read    0x00000000080022d0       0x3a ./Core/Src/syscalls.o
                0x00000000080022d0                _read
 .text._write   0x000000000800230a       0x38 ./Core/Src/syscalls.o
                0x000000000800230a                _write
 .text._close   0x0000000008002342       0x18 ./Core/Src/syscalls.o
                0x0000000008002342                _close
 .text._fstat   0x000000000800235a       0x20 ./Core/Src/syscalls.o
                0x000000000800235a                _fstat
 .text._isatty  0x000000000800237a       0x16 ./Core/Src/syscalls.o
                0x000000000800237a                _isatty
 .text._lseek   0x0000000008002390       0x1a ./Core/Src/syscalls.o
                0x0000000008002390                _lseek
 *fill*         0x00000000080023aa        0x2 
 .text._sbrk    0x00000000080023ac       0x6c ./Core/Src/sysmem.o
                0x00000000080023ac                _sbrk
 .text.SystemInit
                0x0000000008002418       0x24 ./Core/Src/system_stm32f7xx.o
                0x0000000008002418                SystemInit
 .text.Reset_Handler
                0x000000000800243c       0x50 ./Core/Startup/startup_stm32f767zitx.o
                0x000000000800243c                Reset_Handler
 .text.Default_Handler
                0x000000000800248c        0x2 ./Core/Startup/startup_stm32f767zitx.o
                0x000000000800248c                RTC_Alarm_IRQHandler
                0x000000000800248c                EXTI2_IRQHandler
                0x000000000800248c                TIM8_CC_IRQHandler
                0x000000000800248c                UART8_IRQHandler
                0x000000000800248c                SPI4_IRQHandler
                0x000000000800248c                TIM1_CC_IRQHandler
                0x000000000800248c                DMA2_Stream5_IRQHandler
                0x000000000800248c                JPEG_IRQHandler
                0x000000000800248c                DMA1_Stream5_IRQHandler
                0x000000000800248c                CAN3_RX1_IRQHandler
                0x000000000800248c                PVD_IRQHandler
                0x000000000800248c                TAMP_STAMP_IRQHandler
                0x000000000800248c                CAN2_RX1_IRQHandler
                0x000000000800248c                TIM8_TRG_COM_TIM14_IRQHandler
                0x000000000800248c                DFSDM1_FLT1_IRQHandler
                0x000000000800248c                TIM1_UP_TIM10_IRQHandler
                0x000000000800248c                TIM8_UP_TIM13_IRQHandler
                0x000000000800248c                I2C3_ER_IRQHandler
                0x000000000800248c                DFSDM1_FLT2_IRQHandler
                0x000000000800248c                EXTI0_IRQHandler
                0x000000000800248c                I2C2_EV_IRQHandler
                0x000000000800248c                DMA1_Stream2_IRQHandler
                0x000000000800248c                CAN1_RX0_IRQHandler
                0x000000000800248c                FPU_IRQHandler
                0x000000000800248c                OTG_HS_WKUP_IRQHandler
                0x000000000800248c                CAN3_SCE_IRQHandler
                0x000000000800248c                LTDC_ER_IRQHandler
                0x000000000800248c                CAN2_SCE_IRQHandler
                0x000000000800248c                DMA2_Stream2_IRQHandler
                0x000000000800248c                SPI1_IRQHandler
                0x000000000800248c                TIM6_DAC_IRQHandler
                0x000000000800248c                TIM1_BRK_TIM9_IRQHandler
                0x000000000800248c                DCMI_IRQHandler
                0x000000000800248c                CAN2_RX0_IRQHandler
                0x000000000800248c                DMA2_Stream3_IRQHandler
                0x000000000800248c                SAI2_IRQHandler
                0x000000000800248c                DFSDM1_FLT3_IRQHandler
                0x000000000800248c                USART6_IRQHandler
                0x000000000800248c                CAN3_RX0_IRQHandler
                0x000000000800248c                CAN1_RX1_IRQHandler
                0x000000000800248c                UART5_IRQHandler
                0x000000000800248c                DMA2_Stream0_IRQHandler
                0x000000000800248c                TIM4_IRQHandler
                0x000000000800248c                QUADSPI_IRQHandler
                0x000000000800248c                I2C1_EV_IRQHandler
                0x000000000800248c                DMA1_Stream6_IRQHandler
                0x000000000800248c                DMA1_Stream1_IRQHandler
                0x000000000800248c                UART4_IRQHandler
                0x000000000800248c                RCC_IRQHandler
                0x000000000800248c                TIM8_BRK_TIM12_IRQHandler
                0x000000000800248c                Default_Handler
                0x000000000800248c                CEC_IRQHandler
                0x000000000800248c                ADC_IRQHandler
                0x000000000800248c                DMA1_Stream7_IRQHandler
                0x000000000800248c                SPI5_IRQHandler
                0x000000000800248c                TIM7_IRQHandler
                0x000000000800248c                SDMMC1_IRQHandler
                0x000000000800248c                CAN2_TX_IRQHandler
                0x000000000800248c                TIM5_IRQHandler
                0x000000000800248c                DMA2_Stream7_IRQHandler
                0x000000000800248c                I2C3_EV_IRQHandler
                0x000000000800248c                EXTI9_5_IRQHandler
                0x000000000800248c                RTC_WKUP_IRQHandler
                0x000000000800248c                LTDC_IRQHandler
                0x000000000800248c                ETH_WKUP_IRQHandler
                0x000000000800248c                SPDIF_RX_IRQHandler
                0x000000000800248c                SPI2_IRQHandler
                0x000000000800248c                OTG_HS_EP1_IN_IRQHandler
                0x000000000800248c                DMA1_Stream0_IRQHandler
                0x000000000800248c                CAN1_TX_IRQHandler
                0x000000000800248c                EXTI4_IRQHandler
                0x000000000800248c                RNG_IRQHandler
                0x000000000800248c                ETH_IRQHandler
                0x000000000800248c                OTG_HS_EP1_OUT_IRQHandler
                0x000000000800248c                WWDG_IRQHandler
                0x000000000800248c                SPI6_IRQHandler
                0x000000000800248c                MDIOS_IRQHandler
                0x000000000800248c                I2C4_EV_IRQHandler
                0x000000000800248c                CAN3_TX_IRQHandler
                0x000000000800248c                OTG_FS_WKUP_IRQHandler
                0x000000000800248c                TIM1_TRG_COM_TIM11_IRQHandler
                0x000000000800248c                OTG_HS_IRQHandler
                0x000000000800248c                DMA2D_IRQHandler
                0x000000000800248c                EXTI1_IRQHandler
                0x000000000800248c                SDMMC2_IRQHandler
                0x000000000800248c                UART7_IRQHandler
                0x000000000800248c                USART2_IRQHandler
                0x000000000800248c                DFSDM1_FLT0_IRQHandler
                0x000000000800248c                I2C2_ER_IRQHandler
                0x000000000800248c                DMA2_Stream1_IRQHandler
                0x000000000800248c                CAN1_SCE_IRQHandler
                0x000000000800248c                FLASH_IRQHandler
                0x000000000800248c                DMA2_Stream4_IRQHandler
                0x000000000800248c                USART1_IRQHandler
                0x000000000800248c                OTG_FS_IRQHandler
                0x000000000800248c                SPI3_IRQHandler
                0x000000000800248c                DMA1_Stream4_IRQHandler
                0x000000000800248c                I2C1_ER_IRQHandler
                0x000000000800248c                FMC_IRQHandler
                0x000000000800248c                LPTIM1_IRQHandler
                0x000000000800248c                I2C4_ER_IRQHandler
                0x000000000800248c                DMA2_Stream6_IRQHandler
                0x000000000800248c                SAI1_IRQHandler
                0x000000000800248c                DMA1_Stream3_IRQHandler
 .text.HAL_Init
                0x000000000800248e       0x1a ./Drivers/STM32F7xx_HAL_Driver/Src/stm32f7xx_hal.o
                0x000000000800248e                HAL_Init
 .text.HAL_InitTick
                0x00000000080024a8       0x60 ./Drivers/STM32F7xx_HAL_Driver/Src/stm32f7xx_hal.o
                0x00000000080024a8                HAL_InitTick
 .text.HAL_IncTick
                0x0000000008002508       0x28 ./Drivers/STM32F7xx_HAL_Driver/Src/stm32f7xx_hal.o
                0x0000000008002508                HAL_IncTick
 .text.HAL_GetTick
                0x0000000008002530       0x18 ./Drivers/STM32F7xx_HAL_Driver/Src/stm32f7xx_hal.o
                0x0000000008002530                HAL_GetTick
 .text.HAL_Delay
                0x0000000008002548       0x48 ./Drivers/STM32F7xx_HAL_Driver/Src/stm32f7xx_hal.o
                0x0000000008002548                HAL_Delay
 .text.__NVIC_SetPriorityGrouping
                0x0000000008002590       0x48 ./Drivers/STM32F7xx_HAL_Driver/Src/stm32f7xx_hal_cortex.o
 .text.__NVIC_GetPriorityGrouping
                0x00000000080025d8       0x1c ./Drivers/STM32F7xx_HAL_Driver/Src/stm32f7xx_hal_cortex.o
 .text.__NVIC_EnableIRQ
                0x00000000080025f4       0x3c ./Drivers/STM32F7xx_HAL_Driver/Src/stm32f7xx_hal_cortex.o
 .text.__NVIC_SetPriority
                0x0000000008002630       0x54 ./Drivers/STM32F7xx_HAL_Driver/Src/stm32f7xx_hal_cortex.o
 .text.NVIC_EncodePriority
                0x0000000008002684       0x66 ./Drivers/STM32F7xx_HAL_Driver/Src/stm32f7xx_hal_cortex.o
 *fill*         0x00000000080026ea        0x2 
 .text.SysTick_Config
                0x00000000080026ec       0x44 ./Drivers/STM32F7xx_HAL_Driver/Src/stm32f7xx_hal_cortex.o
 .text.HAL_NVIC_SetPriorityGrouping
                0x0000000008002730       0x16 ./Drivers/STM32F7xx_HAL_Driver/Src/stm32f7xx_hal_cortex.o
                0x0000000008002730                HAL_NVIC_SetPriorityGrouping
 .text.HAL_NVIC_SetPriority
                0x0000000008002746       0x38 ./Drivers/STM32F7xx_HAL_Driver/Src/stm32f7xx_hal_cortex.o
                0x0000000008002746                HAL_NVIC_SetPriority
 .text.HAL_NVIC_EnableIRQ
                0x000000000800277e       0x1c ./Drivers/STM32F7xx_HAL_Driver/Src/stm32f7xx_hal_cortex.o
                0x000000000800277e                HAL_NVIC_EnableIRQ
 .text.HAL_SYSTICK_Config
                0x000000000800279a       0x18 ./Drivers/STM32F7xx_HAL_Driver/Src/stm32f7xx_hal_cortex.o
                0x000000000800279a                HAL_SYSTICK_Config
 .text.HAL_DMA_Abort
                0x00000000080027b2       0xe0 ./Drivers/STM32F7xx_HAL_Driver/Src/stm32f7xx_hal_dma.o
                0x00000000080027b2                HAL_DMA_Abort
 .text.HAL_DMA_Abort_IT
                0x0000000008002892       0x44 ./Drivers/STM32F7xx_HAL_Driver/Src/stm32f7xx_hal_dma.o
                0x0000000008002892                HAL_DMA_Abort_IT
 *fill*         0x00000000080028d6        0x2 
 .text.HAL_GPIO_Init
                0x00000000080028d8      0x358 ./Drivers/STM32F7xx_HAL_Driver/Src/stm32f7xx_hal_gpio.o
                0x00000000080028d8                HAL_GPIO_Init
 .text.HAL_GPIO_ReadPin
                0x0000000008002c30       0x30 ./Drivers/STM32F7xx_HAL_Driver/Src/stm32f7xx_hal_gpio.o
                0x0000000008002c30                HAL_GPIO_ReadPin
 .text.HAL_GPIO_WritePin
                0x0000000008002c60       0x32 ./Drivers/STM32F7xx_HAL_Driver/Src/stm32f7xx_hal_gpio.o
                0x0000000008002c60                HAL_GPIO_WritePin
 *fill*         0x0000000008002c92        0x2 
 .text.HAL_GPIO_EXTI_IRQHandler
                0x0000000008002c94       0x30 ./Drivers/STM32F7xx_HAL_Driver/Src/stm32f7xx_hal_gpio.o
                0x0000000008002c94                HAL_GPIO_EXTI_IRQHandler
 .text.HAL_I2C_Init
                0x0000000008002cc4      0x120 ./Drivers/STM32F7xx_HAL_Driver/Src/stm32f7xx_hal_i2c.o
                0x0000000008002cc4                HAL_I2C_Init
 .text.HAL_I2C_Mem_Write
                0x0000000008002de4      0x228 ./Drivers/STM32F7xx_HAL_Driver/Src/stm32f7xx_hal_i2c.o
                0x0000000008002de4                HAL_I2C_Mem_Write
 .text.HAL_I2C_Mem_Read
                0x000000000800300c      0x234 ./Drivers/STM32F7xx_HAL_Driver/Src/stm32f7xx_hal_i2c.o
                0x000000000800300c                HAL_I2C_Mem_Read
 .text.I2C_RequestMemoryWrite
                0x0000000008003240       0xa8 ./Drivers/STM32F7xx_HAL_Driver/Src/stm32f7xx_hal_i2c.o
 .text.I2C_RequestMemoryRead
                0x00000000080032e8       0xa8 ./Drivers/STM32F7xx_HAL_Driver/Src/stm32f7xx_hal_i2c.o
 .text.I2C_Flush_TXDR
                0x0000000008003390       0x48 ./Drivers/STM32F7xx_HAL_Driver/Src/stm32f7xx_hal_i2c.o
 .text.I2C_WaitOnFlagUntilTimeout
                0x00000000080033d8       0x80 ./Drivers/STM32F7xx_HAL_Driver/Src/stm32f7xx_hal_i2c.o
 .text.I2C_WaitOnTXISFlagUntilTimeout
                0x0000000008003458       0x80 ./Drivers/STM32F7xx_HAL_Driver/Src/stm32f7xx_hal_i2c.o
 .text.I2C_WaitOnSTOPFlagUntilTimeout
                0x00000000080034d8       0x78 ./Drivers/STM32F7xx_HAL_Driver/Src/stm32f7xx_hal_i2c.o
 .text.I2C_IsErrorOccurred
                0x0000000008003550      0x1d8 ./Drivers/STM32F7xx_HAL_Driver/Src/stm32f7xx_hal_i2c.o
 .text.I2C_TransferConfig
                0x0000000008003728       0x64 ./Drivers/STM32F7xx_HAL_Driver/Src/stm32f7xx_hal_i2c.o
 .text.HAL_I2CEx_ConfigAnalogFilter
                0x000000000800378c       0x96 ./Drivers/STM32F7xx_HAL_Driver/Src/stm32f7xx_hal_i2c_ex.o
                0x000000000800378c                HAL_I2CEx_ConfigAnalogFilter
 .text.HAL_I2CEx_ConfigDigitalFilter
                0x0000000008003822       0x98 ./Drivers/STM32F7xx_HAL_Driver/Src/stm32f7xx_hal_i2c_ex.o
                0x0000000008003822                HAL_I2CEx_ConfigDigitalFilter
 .text.HAL_PCD_Init
                0x00000000080038ba      0x248 ./Drivers/STM32F7xx_HAL_Driver/Src/stm32f7xx_hal_pcd.o
                0x00000000080038ba                HAL_PCD_Init
 *fill*         0x0000000008003b02        0x2 
 .text.HAL_PCDEx_ActivateLPM
                0x0000000008003b04       0x48 ./Drivers/STM32F7xx_HAL_Driver/Src/stm32f7xx_hal_pcd_ex.o
                0x0000000008003b04                HAL_PCDEx_ActivateLPM
 .text.HAL_PWR_EnableBkUpAccess
                0x0000000008003b4c       0x20 ./Drivers/STM32F7xx_HAL_Driver/Src/stm32f7xx_hal_pwr.o
                0x0000000008003b4c                HAL_PWR_EnableBkUpAccess
 .text.HAL_PWREx_EnableOverDrive
                0x0000000008003b6c       0xa0 ./Drivers/STM32F7xx_HAL_Driver/Src/stm32f7xx_hal_pwr_ex.o
                0x0000000008003b6c                HAL_PWREx_EnableOverDrive
 .text.HAL_RCC_OscConfig
                0x0000000008003c0c      0x55c ./Drivers/STM32F7xx_HAL_Driver/Src/stm32f7xx_hal_rcc.o
                0x0000000008003c0c                HAL_RCC_OscConfig
 .text.HAL_RCC_ClockConfig
                0x0000000008004168      0x1d8 ./Drivers/STM32F7xx_HAL_Driver/Src/stm32f7xx_hal_rcc.o
                0x0000000008004168                HAL_RCC_ClockConfig
 .text.HAL_RCC_GetSysClockFreq
                0x0000000008004340      0x20c ./Drivers/STM32F7xx_HAL_Driver/Src/stm32f7xx_hal_rcc.o
                0x0000000008004340                HAL_RCC_GetSysClockFreq
 .text.HAL_RCC_GetHCLKFreq
                0x000000000800454c       0x18 ./Drivers/STM32F7xx_HAL_Driver/Src/stm32f7xx_hal_rcc.o
                0x000000000800454c                HAL_RCC_GetHCLKFreq
 .text.HAL_RCC_GetPCLK1Freq
                0x0000000008004564       0x28 ./Drivers/STM32F7xx_HAL_Driver/Src/stm32f7xx_hal_rcc.o
                0x0000000008004564                HAL_RCC_GetPCLK1Freq
 .text.HAL_RCC_GetPCLK2Freq
                0x000000000800458c       0x28 ./Drivers/STM32F7xx_HAL_Driver/Src/stm32f7xx_hal_rcc.o
                0x000000000800458c                HAL_RCC_GetPCLK2Freq
 .text.HAL_RCCEx_PeriphCLKConfig
                0x00000000080045b4      0x850 ./Drivers/STM32F7xx_HAL_Driver/Src/stm32f7xx_hal_rcc_ex.o
                0x00000000080045b4                HAL_RCCEx_PeriphCLKConfig
 .text.HAL_TIM_Base_Init
                0x0000000008004e04       0xae ./Drivers/STM32F7xx_HAL_Driver/Src/stm32f7xx_hal_tim.o
                0x0000000008004e04                HAL_TIM_Base_Init
 *fill*         0x0000000008004eb2        0x2 
 .text.HAL_TIM_Base_Start
                0x0000000008004eb4       0xe0 ./Drivers/STM32F7xx_HAL_Driver/Src/stm32f7xx_hal_tim.o
                0x0000000008004eb4                HAL_TIM_Base_Start
 .text.HAL_TIM_PWM_Init
                0x0000000008004f94       0xae ./Drivers/STM32F7xx_HAL_Driver/Src/stm32f7xx_hal_tim.o
                0x0000000008004f94                HAL_TIM_PWM_Init
 .text.HAL_TIM_PWM_MspInit
                0x0000000008005042       0x14 ./Drivers/STM32F7xx_HAL_Driver/Src/stm32f7xx_hal_tim.o
                0x0000000008005042                HAL_TIM_PWM_MspInit
 *fill*         0x0000000008005056        0x2 
 .text.HAL_TIM_PWM_Start
                0x0000000008005058      0x1f4 ./Drivers/STM32F7xx_HAL_Driver/Src/stm32f7xx_hal_tim.o
                0x0000000008005058                HAL_TIM_PWM_Start
 .text.HAL_TIM_IRQHandler
                0x000000000800524c      0x23e ./Drivers/STM32F7xx_HAL_Driver/Src/stm32f7xx_hal_tim.o
                0x000000000800524c                HAL_TIM_IRQHandler
 *fill*         0x000000000800548a        0x2 
 .text.HAL_TIM_PWM_ConfigChannel
                0x000000000800548c      0x228 ./Drivers/STM32F7xx_HAL_Driver/Src/stm32f7xx_hal_tim.o
                0x000000000800548c                HAL_TIM_PWM_ConfigChannel
 .text.HAL_TIM_ConfigClockSource
                0x00000000080056b4      0x194 ./Drivers/STM32F7xx_HAL_Driver/Src/stm32f7xx_hal_tim.o
                0x00000000080056b4                HAL_TIM_ConfigClockSource
 .text.HAL_TIM_PeriodElapsedCallback
                0x0000000008005848       0x14 ./Drivers/STM32F7xx_HAL_Driver/Src/stm32f7xx_hal_tim.o
                0x0000000008005848                HAL_TIM_PeriodElapsedCallback
 .text.HAL_TIM_OC_DelayElapsedCallback
                0x000000000800585c       0x14 ./Drivers/STM32F7xx_HAL_Driver/Src/stm32f7xx_hal_tim.o
                0x000000000800585c                HAL_TIM_OC_DelayElapsedCallback
 .text.HAL_TIM_IC_CaptureCallback
                0x0000000008005870       0x14 ./Drivers/STM32F7xx_HAL_Driver/Src/stm32f7xx_hal_tim.o
                0x0000000008005870                HAL_TIM_IC_CaptureCallback
 .text.HAL_TIM_PWM_PulseFinishedCallback
                0x0000000008005884       0x14 ./Drivers/STM32F7xx_HAL_Driver/Src/stm32f7xx_hal_tim.o
                0x0000000008005884                HAL_TIM_PWM_PulseFinishedCallback
 .text.HAL_TIM_TriggerCallback
                0x0000000008005898       0x14 ./Drivers/STM32F7xx_HAL_Driver/Src/stm32f7xx_hal_tim.o
                0x0000000008005898                HAL_TIM_TriggerCallback
 .text.TIM_Base_SetConfig
                0x00000000080058ac      0x140 ./Drivers/STM32F7xx_HAL_Driver/Src/stm32f7xx_hal_tim.o
                0x00000000080058ac                TIM_Base_SetConfig
 .text.TIM_OC1_SetConfig
                0x00000000080059ec       0xe4 ./Drivers/STM32F7xx_HAL_Driver/Src/stm32f7xx_hal_tim.o
 .text.TIM_OC2_SetConfig
                0x0000000008005ad0       0xf0 ./Drivers/STM32F7xx_HAL_Driver/Src/stm32f7xx_hal_tim.o
                0x0000000008005ad0                TIM_OC2_SetConfig
 .text.TIM_OC3_SetConfig
                0x0000000008005bc0       0xec ./Drivers/STM32F7xx_HAL_Driver/Src/stm32f7xx_hal_tim.o
 .text.TIM_OC4_SetConfig
                0x0000000008005cac       0xb0 ./Drivers/STM32F7xx_HAL_Driver/Src/stm32f7xx_hal_tim.o
 .text.TIM_OC5_SetConfig
                0x0000000008005d5c       0xa4 ./Drivers/STM32F7xx_HAL_Driver/Src/stm32f7xx_hal_tim.o
 .text.TIM_OC6_SetConfig
                0x0000000008005e00       0xa8 ./Drivers/STM32F7xx_HAL_Driver/Src/stm32f7xx_hal_tim.o
 .text.TIM_TI1_ConfigInputStage
                0x0000000008005ea8       0x5e ./Drivers/STM32F7xx_HAL_Driver/Src/stm32f7xx_hal_tim.o
 .text.TIM_TI2_ConfigInputStage
                0x0000000008005f06       0x60 ./Drivers/STM32F7xx_HAL_Driver/Src/stm32f7xx_hal_tim.o
 .text.TIM_ITRx_SetConfig
                0x0000000008005f66       0x36 ./Drivers/STM32F7xx_HAL_Driver/Src/stm32f7xx_hal_tim.o
 .text.TIM_ETR_SetConfig
                0x0000000008005f9c       0x40 ./Drivers/STM32F7xx_HAL_Driver/Src/stm32f7xx_hal_tim.o
                0x0000000008005f9c                TIM_ETR_SetConfig
 .text.TIM_CCxChannelCmd
                0x0000000008005fdc       0x4a ./Drivers/STM32F7xx_HAL_Driver/Src/stm32f7xx_hal_tim.o
                0x0000000008005fdc                TIM_CCxChannelCmd
 *fill*         0x0000000008006026        0x2 
 .text.HAL_TIMEx_MasterConfigSynchronization
                0x0000000008006028      0x11c ./Drivers/STM32F7xx_HAL_Driver/Src/stm32f7xx_hal_tim_ex.o
                0x0000000008006028                HAL_TIMEx_MasterConfigSynchronization
 .text.HAL_TIMEx_CommutCallback
                0x0000000008006144       0x14 ./Drivers/STM32F7xx_HAL_Driver/Src/stm32f7xx_hal_tim_ex.o
                0x0000000008006144                HAL_TIMEx_CommutCallback
 .text.HAL_TIMEx_BreakCallback
                0x0000000008006158       0x14 ./Drivers/STM32F7xx_HAL_Driver/Src/stm32f7xx_hal_tim_ex.o
                0x0000000008006158                HAL_TIMEx_BreakCallback
 .text.HAL_TIMEx_Break2Callback
                0x000000000800616c       0x14 ./Drivers/STM32F7xx_HAL_Driver/Src/stm32f7xx_hal_tim_ex.o
                0x000000000800616c                HAL_TIMEx_Break2Callback
 .text.HAL_UART_Init
                0x0000000008006180       0x9c ./Drivers/STM32F7xx_HAL_Driver/Src/stm32f7xx_hal_uart.o
                0x0000000008006180                HAL_UART_Init
 .text.HAL_UART_Transmit
                0x000000000800621c      0x126 ./Drivers/STM32F7xx_HAL_Driver/Src/stm32f7xx_hal_uart.o
                0x000000000800621c                HAL_UART_Transmit
 .text.HAL_UART_Receive_IT
                0x0000000008006342       0x9c ./Drivers/STM32F7xx_HAL_Driver/Src/stm32f7xx_hal_uart.o
                0x0000000008006342                HAL_UART_Receive_IT
 *fill*         0x00000000080063de        0x2 
 .text.HAL_UART_IRQHandler
                0x00000000080063e0      0x5c0 ./Drivers/STM32F7xx_HAL_Driver/Src/stm32f7xx_hal_uart.o
                0x00000000080063e0                HAL_UART_IRQHandler
 .text.HAL_UART_TxCpltCallback
                0x00000000080069a0       0x14 ./Drivers/STM32F7xx_HAL_Driver/Src/stm32f7xx_hal_uart.o
                0x00000000080069a0                HAL_UART_TxCpltCallback
 .text.HAL_UART_ErrorCallback
                0x00000000080069b4       0x14 ./Drivers/STM32F7xx_HAL_Driver/Src/stm32f7xx_hal_uart.o
                0x00000000080069b4                HAL_UART_ErrorCallback
 .text.HAL_UARTEx_RxEventCallback
                0x00000000080069c8       0x18 ./Drivers/STM32F7xx_HAL_Driver/Src/stm32f7xx_hal_uart.o
                0x00000000080069c8                HAL_UARTEx_RxEventCallback
 .text.HAL_UARTEx_WakeupCallback
                0x00000000080069e0       0x14 ./Drivers/STM32F7xx_HAL_Driver/Src/stm32f7xx_hal_uart.o
                0x00000000080069e0                HAL_UARTEx_WakeupCallback
 .text.UART_SetConfig
                0x00000000080069f4      0x4c8 ./Drivers/STM32F7xx_HAL_Driver/Src/stm32f7xx_hal_uart.o
                0x00000000080069f4                UART_SetConfig
 .text.UART_AdvFeatureConfig
                0x0000000008006ebc      0x144 ./Drivers/STM32F7xx_HAL_Driver/Src/stm32f7xx_hal_uart.o
                0x0000000008006ebc                UART_AdvFeatureConfig
 .text.UART_CheckIdleState
                0x0000000008007000       0x92 ./Drivers/STM32F7xx_HAL_Driver/Src/stm32f7xx_hal_uart.o
                0x0000000008007000                UART_CheckIdleState
 .text.UART_WaitOnFlagUntilTimeout
                0x0000000008007092      0x188 ./Drivers/STM32F7xx_HAL_Driver/Src/stm32f7xx_hal_uart.o
                0x0000000008007092                UART_WaitOnFlagUntilTimeout
 *fill*         0x000000000800721a        0x2 
 .text.UART_Start_Receive_IT
                0x000000000800721c      0x194 ./Drivers/STM32F7xx_HAL_Driver/Src/stm32f7xx_hal_uart.o
                0x000000000800721c                UART_Start_Receive_IT
 .text.UART_EndRxTransfer
                0x00000000080073b0       0xc6 ./Drivers/STM32F7xx_HAL_Driver/Src/stm32f7xx_hal_uart.o
 .text.UART_DMAAbortOnError
                0x0000000008007476       0x2c ./Drivers/STM32F7xx_HAL_Driver/Src/stm32f7xx_hal_uart.o
 .text.UART_EndTransmit_IT
                0x00000000080074a2       0x54 ./Drivers/STM32F7xx_HAL_Driver/Src/stm32f7xx_hal_uart.o
 .text.UART_RxISR_8BIT
                0x00000000080074f6      0x15c ./Drivers/STM32F7xx_HAL_Driver/Src/stm32f7xx_hal_uart.o
 .text.UART_RxISR_16BIT
                0x0000000008007652      0x15c ./Drivers/STM32F7xx_HAL_Driver/Src/stm32f7xx_hal_uart.o
 *fill*         0x00000000080077ae        0x2 
 .text.USB_CoreInit
                0x00000000080077b0       0xb0 ./Drivers/STM32F7xx_HAL_Driver/Src/stm32f7xx_ll_usb.o
                0x00000000080077b0                USB_CoreInit
 .text.USB_DisableGlobalInt
                0x0000000008007860       0x22 ./Drivers/STM32F7xx_HAL_Driver/Src/stm32f7xx_ll_usb.o
                0x0000000008007860                USB_DisableGlobalInt
 .text.USB_SetCurrentMode
                0x0000000008007882       0x98 ./Drivers/STM32F7xx_HAL_Driver/Src/stm32f7xx_ll_usb.o
                0x0000000008007882                USB_SetCurrentMode
 *fill*         0x000000000800791a        0x2 
 .text.USB_DevInit
                0x000000000800791c      0x2bc ./Drivers/STM32F7xx_HAL_Driver/Src/stm32f7xx_ll_usb.o
                0x000000000800791c                USB_DevInit
 .text.USB_FlushTxFifo
                0x0000000008007bd8       0x64 ./Drivers/STM32F7xx_HAL_Driver/Src/stm32f7xx_ll_usb.o
                0x0000000008007bd8                USB_FlushTxFifo
 .text.USB_FlushRxFifo
                0x0000000008007c3c       0x5c ./Drivers/STM32F7xx_HAL_Driver/Src/stm32f7xx_ll_usb.o
                0x0000000008007c3c                USB_FlushRxFifo
 .text.USB_SetDevSpeed
                0x0000000008007c98       0x32 ./Drivers/STM32F7xx_HAL_Driver/Src/stm32f7xx_ll_usb.o
                0x0000000008007c98                USB_SetDevSpeed
 .text.USB_DevDisconnect
                0x0000000008007cca       0x42 ./Drivers/STM32F7xx_HAL_Driver/Src/stm32f7xx_ll_usb.o
                0x0000000008007cca                USB_DevDisconnect
 .text.USB_GetMode
                0x0000000008007d0c       0x1c ./Drivers/STM32F7xx_HAL_Driver/Src/stm32f7xx_ll_usb.o
                0x0000000008007d0c                USB_GetMode
 .text.USB_CoreReset
                0x0000000008007d28       0x64 ./Drivers/STM32F7xx_HAL_Driver/Src/stm32f7xx_ll_usb.o
 .text.makeFreeRtosPriority
                0x0000000008007d8c       0x30 ./Middlewares/Third_Party/FreeRTOS/Source/CMSIS_RTOS/cmsis_os.o
 .text.inHandlerMode
                0x0000000008007dbc       0x24 ./Middlewares/Third_Party/FreeRTOS/Source/CMSIS_RTOS/cmsis_os.o
 .text.osKernelStart
                0x0000000008007de0        0xe ./Middlewares/Third_Party/FreeRTOS/Source/CMSIS_RTOS/cmsis_os.o
                0x0000000008007de0                osKernelStart
 .text.osThreadCreate
                0x0000000008007dee       0x98 ./Middlewares/Third_Party/FreeRTOS/Source/CMSIS_RTOS/cmsis_os.o
                0x0000000008007dee                osThreadCreate
 .text.osDelay  0x0000000008007e86       0x28 ./Middlewares/Third_Party/FreeRTOS/Source/CMSIS_RTOS/cmsis_os.o
                0x0000000008007e86                osDelay
 *fill*         0x0000000008007eae        0x2 
 .text.osTimerCreate
                0x0000000008007eb0       0x68 ./Middlewares/Third_Party/FreeRTOS/Source/CMSIS_RTOS/cmsis_os.o
                0x0000000008007eb0                osTimerCreate
 .text.osTimerStart
                0x0000000008007f18       0x88 ./Middlewares/Third_Party/FreeRTOS/Source/CMSIS_RTOS/cmsis_os.o
                0x0000000008007f18                osTimerStart
 .text.vListInitialise
                0x0000000008007fa0       0x40 ./Middlewares/Third_Party/FreeRTOS/Source/list.o
                0x0000000008007fa0                vListInitialise
 .text.vListInitialiseItem
                0x0000000008007fe0       0x1a ./Middlewares/Third_Party/FreeRTOS/Source/list.o
                0x0000000008007fe0                vListInitialiseItem
 .text.vListInsertEnd
                0x0000000008007ffa       0x48 ./Middlewares/Third_Party/FreeRTOS/Source/list.o
                0x0000000008007ffa                vListInsertEnd
 .text.vListInsert
                0x0000000008008042       0x72 ./Middlewares/Third_Party/FreeRTOS/Source/list.o
                0x0000000008008042                vListInsert
 .text.uxListRemove
                0x00000000080080b4       0x54 ./Middlewares/Third_Party/FreeRTOS/Source/list.o
                0x00000000080080b4                uxListRemove
 .text.xQueueGenericReset
                0x0000000008008108       0xd4 ./Middlewares/Third_Party/FreeRTOS/Source/queue.o
                0x0000000008008108                xQueueGenericReset
 .text.xQueueGenericCreateStatic
                0x00000000080081dc      0x104 ./Middlewares/Third_Party/FreeRTOS/Source/queue.o
                0x00000000080081dc                xQueueGenericCreateStatic
 .text.prvInitialiseNewQueue
                0x00000000080082e0       0x3e ./Middlewares/Third_Party/FreeRTOS/Source/queue.o
 *fill*         0x000000000800831e        0x2 
 .text.xQueueGenericSend
                0x0000000008008320      0x20c ./Middlewares/Third_Party/FreeRTOS/Source/queue.o
                0x0000000008008320                xQueueGenericSend
 .text.xQueueGenericSendFromISR
                0x000000000800852c      0x140 ./Middlewares/Third_Party/FreeRTOS/Source/queue.o
                0x000000000800852c                xQueueGenericSendFromISR
 .text.xQueueReceive
                0x000000000800866c      0x1cc ./Middlewares/Third_Party/FreeRTOS/Source/queue.o
                0x000000000800866c                xQueueReceive
 .text.prvCopyDataToQueue
                0x0000000008008838       0xd4 ./Middlewares/Third_Party/FreeRTOS/Source/queue.o
 .text.prvCopyDataFromQueue
                0x000000000800890c       0x4c ./Middlewares/Third_Party/FreeRTOS/Source/queue.o
 .text.prvUnlockQueue
                0x0000000008008958       0xa4 ./Middlewares/Third_Party/FreeRTOS/Source/queue.o
 .text.prvIsQueueEmpty
                0x00000000080089fc       0x2c ./Middlewares/Third_Party/FreeRTOS/Source/queue.o
 .text.prvIsQueueFull
                0x0000000008008a28       0x30 ./Middlewares/Third_Party/FreeRTOS/Source/queue.o
 .text.vQueueAddToRegistry
                0x0000000008008a58       0x54 ./Middlewares/Third_Party/FreeRTOS/Source/queue.o
                0x0000000008008a58                vQueueAddToRegistry
 .text.vQueueWaitForMessageRestricted
                0x0000000008008aac       0x68 ./Middlewares/Third_Party/FreeRTOS/Source/queue.o
                0x0000000008008aac                vQueueWaitForMessageRestricted
 .text.xTaskCreateStatic
                0x0000000008008b14       0xc6 ./Middlewares/Third_Party/FreeRTOS/Source/tasks.o
                0x0000000008008b14                xTaskCreateStatic
 .text.xTaskCreate
                0x0000000008008bda       0x8a ./Middlewares/Third_Party/FreeRTOS/Source/tasks.o
                0x0000000008008bda                xTaskCreate
 .text.prvInitialiseNewTask
                0x0000000008008c64      0x112 ./Middlewares/Third_Party/FreeRTOS/Source/tasks.o
 *fill*         0x0000000008008d76        0x2 
 .text.prvAddNewTaskToReadyList
                0x0000000008008d78       0xd4 ./Middlewares/Third_Party/FreeRTOS/Source/tasks.o
 .text.vTaskDelay
                0x0000000008008e4c       0x6c ./Middlewares/Third_Party/FreeRTOS/Source/tasks.o
                0x0000000008008e4c                vTaskDelay
 .text.vTaskStartScheduler
                0x0000000008008eb8       0xd4 ./Middlewares/Third_Party/FreeRTOS/Source/tasks.o
                0x0000000008008eb8                vTaskStartScheduler
 .text.vTaskSuspendAll
                0x0000000008008f8c       0x1c ./Middlewares/Third_Party/FreeRTOS/Source/tasks.o
                0x0000000008008f8c                vTaskSuspendAll
 .text.xTaskResumeAll
                0x0000000008008fa8      0x13c ./Middlewares/Third_Party/FreeRTOS/Source/tasks.o
                0x0000000008008fa8                xTaskResumeAll
 .text.xTaskGetTickCount
                0x00000000080090e4       0x20 ./Middlewares/Third_Party/FreeRTOS/Source/tasks.o
                0x00000000080090e4                xTaskGetTickCount
 .text.xTaskIncrementTick
                0x0000000008009104      0x174 ./Middlewares/Third_Party/FreeRTOS/Source/tasks.o
                0x0000000008009104                xTaskIncrementTick
 .text.vTaskSwitchContext
                0x0000000008009278       0xbc ./Middlewares/Third_Party/FreeRTOS/Source/tasks.o
                0x0000000008009278                vTaskSwitchContext
 .text.vTaskPlaceOnEventList
                0x0000000008009334       0x4c ./Middlewares/Third_Party/FreeRTOS/Source/tasks.o
                0x0000000008009334                vTaskPlaceOnEventList
 .text.vTaskPlaceOnEventListRestricted
                0x0000000008009380       0x5c ./Middlewares/Third_Party/FreeRTOS/Source/tasks.o
                0x0000000008009380                vTaskPlaceOnEventListRestricted
 .text.xTaskRemoveFromEventList
                0x00000000080093dc       0xc8 ./Middlewares/Third_Party/FreeRTOS/Source/tasks.o
                0x00000000080093dc                xTaskRemoveFromEventList
 .text.vTaskInternalSetTimeOutState
                0x00000000080094a4       0x2c ./Middlewares/Third_Party/FreeRTOS/Source/tasks.o
                0x00000000080094a4                vTaskInternalSetTimeOutState
 .text.xTaskCheckForTimeOut
                0x00000000080094d0       0xcc ./Middlewares/Third_Party/FreeRTOS/Source/tasks.o
                0x00000000080094d0                xTaskCheckForTimeOut
 .text.vTaskMissedYield
                0x000000000800959c       0x18 ./Middlewares/Third_Party/FreeRTOS/Source/tasks.o
                0x000000000800959c                vTaskMissedYield
 .text.prvIdleTask
                0x00000000080095b4       0x30 ./Middlewares/Third_Party/FreeRTOS/Source/tasks.o
 .text.prvInitialiseTaskLists
                0x00000000080095e4       0x80 ./Middlewares/Third_Party/FreeRTOS/Source/tasks.o
 .text.prvCheckTasksWaitingTermination
                0x0000000008009664       0x5c ./Middlewares/Third_Party/FreeRTOS/Source/tasks.o
 .text.prvDeleteTCB
                0x00000000080096c0       0x62 ./Middlewares/Third_Party/FreeRTOS/Source/tasks.o
 *fill*         0x0000000008009722        0x2 
 .text.prvResetNextTaskUnblockTime
                0x0000000008009724       0x40 ./Middlewares/Third_Party/FreeRTOS/Source/tasks.o
 .text.xTaskGetSchedulerState
                0x0000000008009764       0x3c ./Middlewares/Third_Party/FreeRTOS/Source/tasks.o
                0x0000000008009764                xTaskGetSchedulerState
 .text.xTaskPriorityDisinherit
                0x00000000080097a0      0x114 ./Middlewares/Third_Party/FreeRTOS/Source/tasks.o
                0x00000000080097a0                xTaskPriorityDisinherit
 .text.prvAddCurrentTaskToDelayedList
                0x00000000080098b4       0xcc ./Middlewares/Third_Party/FreeRTOS/Source/tasks.o
 .text.xTimerCreateTimerTask
                0x0000000008009980       0x94 ./Middlewares/Third_Party/FreeRTOS/Source/timers.o
                0x0000000008009980                xTimerCreateTimerTask
 .text.xTimerCreate
                0x0000000008009a14       0x42 ./Middlewares/Third_Party/FreeRTOS/Source/timers.o
                0x0000000008009a14                xTimerCreate
 .text.xTimerCreateStatic
                0x0000000008009a56       0x84 ./Middlewares/Third_Party/FreeRTOS/Source/timers.o
                0x0000000008009a56                xTimerCreateStatic
 .text.prvInitialiseNewTimer
                0x0000000008009ada       0x7a ./Middlewares/Third_Party/FreeRTOS/Source/timers.o
 .text.xTimerGenericCommand
                0x0000000008009b54       0xa0 ./Middlewares/Third_Party/FreeRTOS/Source/timers.o
                0x0000000008009b54                xTimerGenericCommand
 .text.prvProcessExpiredTimer
                0x0000000008009bf4       0x9c ./Middlewares/Third_Party/FreeRTOS/Source/timers.o
 .text.prvTimerTask
                0x0000000008009c90       0x24 ./Middlewares/Third_Party/FreeRTOS/Source/timers.o
 .text.prvProcessTimerOrBlockTask
                0x0000000008009cb4       0x9c ./Middlewares/Third_Party/FreeRTOS/Source/timers.o
 .text.prvGetNextExpireTime
                0x0000000008009d50       0x48 ./Middlewares/Third_Party/FreeRTOS/Source/timers.o
 .text.prvSampleTimeNow
                0x0000000008009d98       0x40 ./Middlewares/Third_Party/FreeRTOS/Source/timers.o
 .text.prvInsertTimerInActiveList
                0x0000000008009dd8       0x84 ./Middlewares/Third_Party/FreeRTOS/Source/timers.o
 .text.prvProcessReceivedCommands
                0x0000000008009e5c      0x194 ./Middlewares/Third_Party/FreeRTOS/Source/timers.o
 .text.prvSwitchTimerLists
                0x0000000008009ff0       0xcc ./Middlewares/Third_Party/FreeRTOS/Source/timers.o
 .text.prvCheckForValidListAndQueue
                0x000000000800a0bc       0x80 ./Middlewares/Third_Party/FreeRTOS/Source/timers.o
 .text.pxPortInitialiseStack
                0x000000000800a13c       0x68 ./Middlewares/Third_Party/FreeRTOS/Source/portable/GCC/ARM_CM7/r0p1/port.o
                0x000000000800a13c                pxPortInitialiseStack
 .text.prvTaskExitError
                0x000000000800a1a4       0x60 ./Middlewares/Third_Party/FreeRTOS/Source/portable/GCC/ARM_CM7/r0p1/port.o
 *fill*         0x000000000800a204        0xc 
 .text.SVC_Handler
                0x000000000800a210       0x28 ./Middlewares/Third_Party/FreeRTOS/Source/portable/GCC/ARM_CM7/r0p1/port.o
                0x000000000800a210                SVC_Handler
 .text.prvPortStartFirstTask
                0x000000000800a238       0x28 ./Middlewares/Third_Party/FreeRTOS/Source/portable/GCC/ARM_CM7/r0p1/port.o
 .text.xPortStartScheduler
                0x000000000800a260       0xfc ./Middlewares/Third_Party/FreeRTOS/Source/portable/GCC/ARM_CM7/r0p1/port.o
                0x000000000800a260                xPortStartScheduler
 .text.vPortEnterCritical
                0x000000000800a35c       0x68 ./Middlewares/Third_Party/FreeRTOS/Source/portable/GCC/ARM_CM7/r0p1/port.o
                0x000000000800a35c                vPortEnterCritical
 .text.vPortExitCritical
                0x000000000800a3c4       0x58 ./Middlewares/Third_Party/FreeRTOS/Source/portable/GCC/ARM_CM7/r0p1/port.o
                0x000000000800a3c4                vPortExitCritical
 *fill*         0x000000000800a41c        0x4 
 .text.PendSV_Handler
                0x000000000800a420       0x68 ./Middlewares/Third_Party/FreeRTOS/Source/portable/GCC/ARM_CM7/r0p1/port.o
                0x000000000800a420                PendSV_Handler
 .text.xPortSysTickHandler
                0x000000000800a488       0x48 ./Middlewares/Third_Party/FreeRTOS/Source/portable/GCC/ARM_CM7/r0p1/port.o
                0x000000000800a488                xPortSysTickHandler
 .text.vPortSetupTimerInterrupt
                0x000000000800a4d0       0x48 ./Middlewares/Third_Party/FreeRTOS/Source/portable/GCC/ARM_CM7/r0p1/port.o
                0x000000000800a4d0                vPortSetupTimerInterrupt
 .text.vPortEnableVFP
                0x000000000800a518       0x14 ./Middlewares/Third_Party/FreeRTOS/Source/portable/GCC/ARM_CM7/r0p1/port.o
 .text.vPortValidateInterruptPriority
                0x000000000800a52c       0x88 ./Middlewares/Third_Party/FreeRTOS/Source/portable/GCC/ARM_CM7/r0p1/port.o
                0x000000000800a52c                vPortValidateInterruptPriority
 .text.pvPortMalloc
                0x000000000800a5b4      0x194 ./Middlewares/Third_Party/FreeRTOS/Source/portable/MemMang/heap_4.o
                0x000000000800a5b4                pvPortMalloc
 .text.vPortFree
                0x000000000800a748       0xbc ./Middlewares/Third_Party/FreeRTOS/Source/portable/MemMang/heap_4.o
                0x000000000800a748                vPortFree
 .text.prvHeapInit
                0x000000000800a804       0xc4 ./Middlewares/Third_Party/FreeRTOS/Source/portable/MemMang/heap_4.o
 .text.prvInsertBlockIntoFreeList
                0x000000000800a8c8       0xb4 ./Middlewares/Third_Party/FreeRTOS/Source/portable/MemMang/heap_4.o
 .text.atan2f   0x000000000800a97c        0x4 c:/st/stm32cubeide_1.8.0/stm32cubeide/plugins/com.st.stm32cube.ide.mcu.externaltools.gnu-tools-for-stm32.10.3-2021.10.win32_1.0.0.202111181127/tools/bin/../lib/gcc/arm-none-eabi/10.3.1/../../../../arm-none-eabi/lib/thumb/v7e-m+dp/hard\libm.a(lib_a-wf_atan2.o)
                0x000000000800a97c                atan2f
 .text.__ieee754_atan2f
                0x000000000800a980      0x13c c:/st/stm32cubeide_1.8.0/stm32cubeide/plugins/com.st.stm32cube.ide.mcu.externaltools.gnu-tools-for-stm32.10.3-2021.10.win32_1.0.0.202111181127/tools/bin/../lib/gcc/arm-none-eabi/10.3.1/../../../../arm-none-eabi/lib/thumb/v7e-m+dp/hard\libm.a(lib_a-ef_atan2.o)
                0x000000000800a980                __ieee754_atan2f
 .text.atanf    0x000000000800aabc      0x1a8 c:/st/stm32cubeide_1.8.0/stm32cubeide/plugins/com.st.stm32cube.ide.mcu.externaltools.gnu-tools-for-stm32.10.3-2021.10.win32_1.0.0.202111181127/tools/bin/../lib/gcc/arm-none-eabi/10.3.1/../../../../arm-none-eabi/lib/thumb/v7e-m+dp/hard\libm.a(lib_a-sf_atan.o)
                0x000000000800aabc                atanf
 .text.fabsf    0x000000000800ac64        0xe c:/st/stm32cubeide_1.8.0/stm32cubeide/plugins/com.st.stm32cube.ide.mcu.externaltools.gnu-tools-for-stm32.10.3-2021.10.win32_1.0.0.202111181127/tools/bin/../lib/gcc/arm-none-eabi/10.3.1/../../../../arm-none-eabi/lib/thumb/v7e-m+dp/hard\libm.a(lib_a-sf_fabs.o)
                0x000000000800ac64                fabsf
 *fill*         0x000000000800ac72        0x2 
 .text.__errno  0x000000000800ac74        0xc c:/st/stm32cubeide_1.8.0/stm32cubeide/plugins/com.st.stm32cube.ide.mcu.externaltools.gnu-tools-for-stm32.10.3-2021.10.win32_1.0.0.202111181127/tools/bin/../lib/gcc/arm-none-eabi/10.3.1/../../../../arm-none-eabi/lib/thumb/v7e-m+dp/hard\libc_nano.a(lib_a-errno.o)
                0x000000000800ac74                __errno
 .text.__libc_init_array
                0x000000000800ac80       0x48 c:/st/stm32cubeide_1.8.0/stm32cubeide/plugins/com.st.stm32cube.ide.mcu.externaltools.gnu-tools-for-stm32.10.3-2021.10.win32_1.0.0.202111181127/tools/bin/../lib/gcc/arm-none-eabi/10.3.1/../../../../arm-none-eabi/lib/thumb/v7e-m+dp/hard\libc_nano.a(lib_a-init.o)
                0x000000000800ac80                __libc_init_array
 .text.memcpy   0x000000000800acc8       0x1c c:/st/stm32cubeide_1.8.0/stm32cubeide/plugins/com.st.stm32cube.ide.mcu.externaltools.gnu-tools-for-stm32.10.3-2021.10.win32_1.0.0.202111181127/tools/bin/../lib/gcc/arm-none-eabi/10.3.1/../../../../arm-none-eabi/lib/thumb/v7e-m+dp/hard\libc_nano.a(lib_a-memcpy-stub.o)
                0x000000000800acc8                memcpy
 .text.memset   0x000000000800ace4       0x10 c:/st/stm32cubeide_1.8.0/stm32cubeide/plugins/com.st.stm32cube.ide.mcu.externaltools.gnu-tools-for-stm32.10.3-2021.10.win32_1.0.0.202111181127/tools/bin/../lib/gcc/arm-none-eabi/10.3.1/../../../../arm-none-eabi/lib/thumb/v7e-m+dp/hard\libc_nano.a(lib_a-memset.o)
                0x000000000800ace4                memset
 .text.__cvt    0x000000000800acf4       0xa4 c:/st/stm32cubeide_1.8.0/stm32cubeide/plugins/com.st.stm32cube.ide.mcu.externaltools.gnu-tools-for-stm32.10.3-2021.10.win32_1.0.0.202111181127/tools/bin/../lib/gcc/arm-none-eabi/10.3.1/../../../../arm-none-eabi/lib/thumb/v7e-m+dp/hard\libc_nano.a(lib_a-nano-vfprintf_float.o)
                0x000000000800acf4                __cvt
 .text.__exponent
                0x000000000800ad98       0x7c c:/st/stm32cubeide_1.8.0/stm32cubeide/plugins/com.st.stm32cube.ide.mcu.externaltools.gnu-tools-for-stm32.10.3-2021.10.win32_1.0.0.202111181127/tools/bin/../lib/gcc/arm-none-eabi/10.3.1/../../../../arm-none-eabi/lib/thumb/v7e-m+dp/hard\libc_nano.a(lib_a-nano-vfprintf_float.o)
                0x000000000800ad98                __exponent
 *fill*         0x000000000800ae14        0x4 
 .text._printf_float
                0x000000000800ae18      0x43c c:/st/stm32cubeide_1.8.0/stm32cubeide/plugins/com.st.stm32cube.ide.mcu.externaltools.gnu-tools-for-stm32.10.3-2021.10.win32_1.0.0.202111181127/tools/bin/../lib/gcc/arm-none-eabi/10.3.1/../../../../arm-none-eabi/lib/thumb/v7e-m+dp/hard\libc_nano.a(lib_a-nano-vfprintf_float.o)
                0x000000000800ae18                _printf_float
 .text._printf_common
                0x000000000800b254       0xda c:/st/stm32cubeide_1.8.0/stm32cubeide/plugins/com.st.stm32cube.ide.mcu.externaltools.gnu-tools-for-stm32.10.3-2021.10.win32_1.0.0.202111181127/tools/bin/../lib/gcc/arm-none-eabi/10.3.1/../../../../arm-none-eabi/lib/thumb/v7e-m+dp/hard\libc_nano.a(lib_a-nano-vfprintf_i.o)
                0x000000000800b254                _printf_common
 *fill*         0x000000000800b32e        0x2 
 .text._printf_i
                0x000000000800b330      0x24c c:/st/stm32cubeide_1.8.0/stm32cubeide/plugins/com.st.stm32cube.ide.mcu.externaltools.gnu-tools-for-stm32.10.3-2021.10.win32_1.0.0.202111181127/tools/bin/../lib/gcc/arm-none-eabi/10.3.1/../../../../arm-none-eabi/lib/thumb/v7e-m+dp/hard\libc_nano.a(lib_a-nano-vfprintf_i.o)
                0x000000000800b330                _printf_i
 .text._scanf_float
                0x000000000800b57c      0x40c c:/st/stm32cubeide_1.8.0/stm32cubeide/plugins/com.st.stm32cube.ide.mcu.externaltools.gnu-tools-for-stm32.10.3-2021.10.win32_1.0.0.202111181127/tools/bin/../lib/gcc/arm-none-eabi/10.3.1/../../../../arm-none-eabi/lib/thumb/v7e-m+dp/hard\libc_nano.a(lib_a-nano-vfscanf_float.o)
                0x000000000800b57c                _scanf_float
 .text.nanf     0x000000000800b988        0xc c:/st/stm32cubeide_1.8.0/stm32cubeide/plugins/com.st.stm32cube.ide.mcu.externaltools.gnu-tools-for-stm32.10.3-2021.10.win32_1.0.0.202111181127/tools/bin/../lib/gcc/arm-none-eabi/10.3.1/../../../../arm-none-eabi/lib/thumb/v7e-m+dp/hard\libc_nano.a(lib_a-sf_nan.o)
                0x000000000800b988                nanf
 .text.sprintf  0x000000000800b994       0x40 c:/st/stm32cubeide_1.8.0/stm32cubeide/plugins/com.st.stm32cube.ide.mcu.externaltools.gnu-tools-for-stm32.10.3-2021.10.win32_1.0.0.202111181127/tools/bin/../lib/gcc/arm-none-eabi/10.3.1/../../../../arm-none-eabi/lib/thumb/v7e-m+dp/hard\libc_nano.a(lib_a-sprintf.o)
                0x000000000800b994                siprintf
                0x000000000800b994                sprintf
 .text.sulp     0x000000000800b9d4       0x34 c:/st/stm32cubeide_1.8.0/stm32cubeide/plugins/com.st.stm32cube.ide.mcu.externaltools.gnu-tools-for-stm32.10.3-2021.10.win32_1.0.0.202111181127/tools/bin/../lib/gcc/arm-none-eabi/10.3.1/../../../../arm-none-eabi/lib/thumb/v7e-m+dp/hard\libc_nano.a(lib_a-strtod.o)
 .text._strtod_l
                0x000000000800ba08      0xb6c c:/st/stm32cubeide_1.8.0/stm32cubeide/plugins/com.st.stm32cube.ide.mcu.externaltools.gnu-tools-for-stm32.10.3-2021.10.win32_1.0.0.202111181127/tools/bin/../lib/gcc/arm-none-eabi/10.3.1/../../../../arm-none-eabi/lib/thumb/v7e-m+dp/hard\libc_nano.a(lib_a-strtod.o)
                0x000000000800ba08                _strtod_l
 .text._strtod_r
                0x000000000800c574        0xc c:/st/stm32cubeide_1.8.0/stm32cubeide/plugins/com.st.stm32cube.ide.mcu.externaltools.gnu-tools-for-stm32.10.3-2021.10.win32_1.0.0.202111181127/tools/bin/../lib/gcc/arm-none-eabi/10.3.1/../../../../arm-none-eabi/lib/thumb/v7e-m+dp/hard\libc_nano.a(lib_a-strtod.o)
                0x000000000800c574                _strtod_r
 .text._strtol_l.constprop.0
                0x000000000800c580      0x104 c:/st/stm32cubeide_1.8.0/stm32cubeide/plugins/com.st.stm32cube.ide.mcu.externaltools.gnu-tools-for-stm32.10.3-2021.10.win32_1.0.0.202111181127/tools/bin/../lib/gcc/arm-none-eabi/10.3.1/../../../../arm-none-eabi/lib/thumb/v7e-m+dp/hard\libc_nano.a(lib_a-strtol.o)
 .text._strtol_r
                0x000000000800c684        0x4 c:/st/stm32cubeide_1.8.0/stm32cubeide/plugins/com.st.stm32cube.ide.mcu.externaltools.gnu-tools-for-stm32.10.3-2021.10.win32_1.0.0.202111181127/tools/bin/../lib/gcc/arm-none-eabi/10.3.1/../../../../arm-none-eabi/lib/thumb/v7e-m+dp/hard\libc_nano.a(lib_a-strtol.o)
                0x000000000800c684                _strtol_r
 .text.quorem   0x000000000800c688      0x116 c:/st/stm32cubeide_1.8.0/stm32cubeide/plugins/com.st.stm32cube.ide.mcu.externaltools.gnu-tools-for-stm32.10.3-2021.10.win32_1.0.0.202111181127/tools/bin/../lib/gcc/arm-none-eabi/10.3.1/../../../../arm-none-eabi/lib/thumb/v7e-m+dp/hard\libc_nano.a(lib_a-dtoa.o)
 *fill*         0x000000000800c79e        0x2 
 .text._dtoa_r  0x000000000800c7a0      0xadc c:/st/stm32cubeide_1.8.0/stm32cubeide/plugins/com.st.stm32cube.ide.mcu.externaltools.gnu-tools-for-stm32.10.3-2021.10.win32_1.0.0.202111181127/tools/bin/../lib/gcc/arm-none-eabi/10.3.1/../../../../arm-none-eabi/lib/thumb/v7e-m+dp/hard\libc_nano.a(lib_a-dtoa.o)
                0x000000000800c7a0                _dtoa_r
 .text.rshift   0x000000000800d27c       0xa4 c:/st/stm32cubeide_1.8.0/stm32cubeide/plugins/com.st.stm32cube.ide.mcu.externaltools.gnu-tools-for-stm32.10.3-2021.10.win32_1.0.0.202111181127/tools/bin/../lib/gcc/arm-none-eabi/10.3.1/../../../../arm-none-eabi/lib/thumb/v7e-m+dp/hard\libc_nano.a(lib_a-gdtoa-gethex.o)
 .text.__hexdig_fun
                0x000000000800d320       0x2a c:/st/stm32cubeide_1.8.0/stm32cubeide/plugins/com.st.stm32cube.ide.mcu.externaltools.gnu-tools-for-stm32.10.3-2021.10.win32_1.0.0.202111181127/tools/bin/../lib/gcc/arm-none-eabi/10.3.1/../../../../arm-none-eabi/lib/thumb/v7e-m+dp/hard\libc_nano.a(lib_a-gdtoa-gethex.o)
                0x000000000800d320                __hexdig_fun
 *fill*         0x000000000800d34a        0x2 
 .text.__gethex
                0x000000000800d34c      0x48c c:/st/stm32cubeide_1.8.0/stm32cubeide/plugins/com.st.stm32cube.ide.mcu.externaltools.gnu-tools-for-stm32.10.3-2021.10.win32_1.0.0.202111181127/tools/bin/../lib/gcc/arm-none-eabi/10.3.1/../../../../arm-none-eabi/lib/thumb/v7e-m+dp/hard\libc_nano.a(lib_a-gdtoa-gethex.o)
                0x000000000800d34c                __gethex
 .text.L_shift  0x000000000800d7d8       0x24 c:/st/stm32cubeide_1.8.0/stm32cubeide/plugins/com.st.stm32cube.ide.mcu.externaltools.gnu-tools-for-stm32.10.3-2021.10.win32_1.0.0.202111181127/tools/bin/../lib/gcc/arm-none-eabi/10.3.1/../../../../arm-none-eabi/lib/thumb/v7e-m+dp/hard\libc_nano.a(lib_a-gdtoa-hexnan.o)
 .text.__match  0x000000000800d7fc       0x28 c:/st/stm32cubeide_1.8.0/stm32cubeide/plugins/com.st.stm32cube.ide.mcu.externaltools.gnu-tools-for-stm32.10.3-2021.10.win32_1.0.0.202111181127/tools/bin/../lib/gcc/arm-none-eabi/10.3.1/../../../../arm-none-eabi/lib/thumb/v7e-m+dp/hard\libc_nano.a(lib_a-gdtoa-hexnan.o)
                0x000000000800d7fc                __match
 .text.__hexnan
                0x000000000800d824      0x138 c:/st/stm32cubeide_1.8.0/stm32cubeide/plugins/com.st.stm32cube.ide.mcu.externaltools.gnu-tools-for-stm32.10.3-2021.10.win32_1.0.0.202111181127/tools/bin/../lib/gcc/arm-none-eabi/10.3.1/../../../../arm-none-eabi/lib/thumb/v7e-m+dp/hard\libc_nano.a(lib_a-gdtoa-hexnan.o)
                0x000000000800d824                __hexnan
 .text._localeconv_r
                0x000000000800d95c        0x8 c:/st/stm32cubeide_1.8.0/stm32cubeide/plugins/com.st.stm32cube.ide.mcu.externaltools.gnu-tools-for-stm32.10.3-2021.10.win32_1.0.0.202111181127/tools/bin/../lib/gcc/arm-none-eabi/10.3.1/../../../../arm-none-eabi/lib/thumb/v7e-m+dp/hard\libc_nano.a(lib_a-localeconv.o)
                0x000000000800d95c                _localeconv_r
 .text.malloc   0x000000000800d964       0x10 c:/st/stm32cubeide_1.8.0/stm32cubeide/plugins/com.st.stm32cube.ide.mcu.externaltools.gnu-tools-for-stm32.10.3-2021.10.win32_1.0.0.202111181127/tools/bin/../lib/gcc/arm-none-eabi/10.3.1/../../../../arm-none-eabi/lib/thumb/v7e-m+dp/hard\libc_nano.a(lib_a-malloc.o)
                0x000000000800d964                malloc
 .text.__ascii_mbtowc
                0x000000000800d974       0x24 c:/st/stm32cubeide_1.8.0/stm32cubeide/plugins/com.st.stm32cube.ide.mcu.externaltools.gnu-tools-for-stm32.10.3-2021.10.win32_1.0.0.202111181127/tools/bin/../lib/gcc/arm-none-eabi/10.3.1/../../../../arm-none-eabi/lib/thumb/v7e-m+dp/hard\libc_nano.a(lib_a-mbtowc_r.o)
                0x000000000800d974                __ascii_mbtowc
 .text._Balloc  0x000000000800d998       0x80 c:/st/stm32cubeide_1.8.0/stm32cubeide/plugins/com.st.stm32cube.ide.mcu.externaltools.gnu-tools-for-stm32.10.3-2021.10.win32_1.0.0.202111181127/tools/bin/../lib/gcc/arm-none-eabi/10.3.1/../../../../arm-none-eabi/lib/thumb/v7e-m+dp/hard\libc_nano.a(lib_a-mprec.o)
                0x000000000800d998                _Balloc
 .text._Bfree   0x000000000800da18       0x44 c:/st/stm32cubeide_1.8.0/stm32cubeide/plugins/com.st.stm32cube.ide.mcu.externaltools.gnu-tools-for-stm32.10.3-2021.10.win32_1.0.0.202111181127/tools/bin/../lib/gcc/arm-none-eabi/10.3.1/../../../../arm-none-eabi/lib/thumb/v7e-m+dp/hard\libc_nano.a(lib_a-mprec.o)
                0x000000000800da18                _Bfree
 .text.__multadd
                0x000000000800da5c       0x8c c:/st/stm32cubeide_1.8.0/stm32cubeide/plugins/com.st.stm32cube.ide.mcu.externaltools.gnu-tools-for-stm32.10.3-2021.10.win32_1.0.0.202111181127/tools/bin/../lib/gcc/arm-none-eabi/10.3.1/../../../../arm-none-eabi/lib/thumb/v7e-m+dp/hard\libc_nano.a(lib_a-mprec.o)
                0x000000000800da5c                __multadd
 .text.__s2b    0x000000000800dae8       0x94 c:/st/stm32cubeide_1.8.0/stm32cubeide/plugins/com.st.stm32cube.ide.mcu.externaltools.gnu-tools-for-stm32.10.3-2021.10.win32_1.0.0.202111181127/tools/bin/../lib/gcc/arm-none-eabi/10.3.1/../../../../arm-none-eabi/lib/thumb/v7e-m+dp/hard\libc_nano.a(lib_a-mprec.o)
                0x000000000800dae8                __s2b
 .text.__hi0bits
                0x000000000800db7c       0x40 c:/st/stm32cubeide_1.8.0/stm32cubeide/plugins/com.st.stm32cube.ide.mcu.externaltools.gnu-tools-for-stm32.10.3-2021.10.win32_1.0.0.202111181127/tools/bin/../lib/gcc/arm-none-eabi/10.3.1/../../../../arm-none-eabi/lib/thumb/v7e-m+dp/hard\libc_nano.a(lib_a-mprec.o)
                0x000000000800db7c                __hi0bits
 .text.__lo0bits
                0x000000000800dbbc       0x5e c:/st/stm32cubeide_1.8.0/stm32cubeide/plugins/com.st.stm32cube.ide.mcu.externaltools.gnu-tools-for-stm32.10.3-2021.10.win32_1.0.0.202111181127/tools/bin/../lib/gcc/arm-none-eabi/10.3.1/../../../../arm-none-eabi/lib/thumb/v7e-m+dp/hard\libc_nano.a(lib_a-mprec.o)
                0x000000000800dbbc                __lo0bits
 *fill*         0x000000000800dc1a        0x2 
 .text.__i2b    0x000000000800dc1c       0x2c c:/st/stm32cubeide_1.8.0/stm32cubeide/plugins/com.st.stm32cube.ide.mcu.externaltools.gnu-tools-for-stm32.10.3-2021.10.win32_1.0.0.202111181127/tools/bin/../lib/gcc/arm-none-eabi/10.3.1/../../../../arm-none-eabi/lib/thumb/v7e-m+dp/hard\libc_nano.a(lib_a-mprec.o)
                0x000000000800dc1c                __i2b
 .text.__multiply
                0x000000000800dc48      0x154 c:/st/stm32cubeide_1.8.0/stm32cubeide/plugins/com.st.stm32cube.ide.mcu.externaltools.gnu-tools-for-stm32.10.3-2021.10.win32_1.0.0.202111181127/tools/bin/../lib/gcc/arm-none-eabi/10.3.1/../../../../arm-none-eabi/lib/thumb/v7e-m+dp/hard\libc_nano.a(lib_a-mprec.o)
                0x000000000800dc48                __multiply
 .text.__pow5mult
                0x000000000800dd9c       0xb4 c:/st/stm32cubeide_1.8.0/stm32cubeide/plugins/com.st.stm32cube.ide.mcu.externaltools.gnu-tools-for-stm32.10.3-2021.10.win32_1.0.0.202111181127/tools/bin/../lib/gcc/arm-none-eabi/10.3.1/../../../../arm-none-eabi/lib/thumb/v7e-m+dp/hard\libc_nano.a(lib_a-mprec.o)
                0x000000000800dd9c                __pow5mult
 .text.__lshift
                0x000000000800de50       0xe0 c:/st/stm32cubeide_1.8.0/stm32cubeide/plugins/com.st.stm32cube.ide.mcu.externaltools.gnu-tools-for-stm32.10.3-2021.10.win32_1.0.0.202111181127/tools/bin/../lib/gcc/arm-none-eabi/10.3.1/../../../../arm-none-eabi/lib/thumb/v7e-m+dp/hard\libc_nano.a(lib_a-mprec.o)
                0x000000000800de50                __lshift
 .text.__mcmp   0x000000000800df30       0x38 c:/st/stm32cubeide_1.8.0/stm32cubeide/plugins/com.st.stm32cube.ide.mcu.externaltools.gnu-tools-for-stm32.10.3-2021.10.win32_1.0.0.202111181127/tools/bin/../lib/gcc/arm-none-eabi/10.3.1/../../../../arm-none-eabi/lib/thumb/v7e-m+dp/hard\libc_nano.a(lib_a-mprec.o)
                0x000000000800df30                __mcmp
 .text.__mdiff  0x000000000800df68      0x114 c:/st/stm32cubeide_1.8.0/stm32cubeide/plugins/com.st.stm32cube.ide.mcu.externaltools.gnu-tools-for-stm32.10.3-2021.10.win32_1.0.0.202111181127/tools/bin/../lib/gcc/arm-none-eabi/10.3.1/../../../../arm-none-eabi/lib/thumb/v7e-m+dp/hard\libc_nano.a(lib_a-mprec.o)
                0x000000000800df68                __mdiff
 .text.__ulp    0x000000000800e07c       0x58 c:/st/stm32cubeide_1.8.0/stm32cubeide/plugins/com.st.stm32cube.ide.mcu.externaltools.gnu-tools-for-stm32.10.3-2021.10.win32_1.0.0.202111181127/tools/bin/../lib/gcc/arm-none-eabi/10.3.1/../../../../arm-none-eabi/lib/thumb/v7e-m+dp/hard\libc_nano.a(lib_a-mprec.o)
                0x000000000800e07c                __ulp
 .text.__b2d    0x000000000800e0d4       0xa0 c:/st/stm32cubeide_1.8.0/stm32cubeide/plugins/com.st.stm32cube.ide.mcu.externaltools.gnu-tools-for-stm32.10.3-2021.10.win32_1.0.0.202111181127/tools/bin/../lib/gcc/arm-none-eabi/10.3.1/../../../../arm-none-eabi/lib/thumb/v7e-m+dp/hard\libc_nano.a(lib_a-mprec.o)
                0x000000000800e0d4                __b2d
 .text.__d2b    0x000000000800e174       0xb8 c:/st/stm32cubeide_1.8.0/stm32cubeide/plugins/com.st.stm32cube.ide.mcu.externaltools.gnu-tools-for-stm32.10.3-2021.10.win32_1.0.0.202111181127/tools/bin/../lib/gcc/arm-none-eabi/10.3.1/../../../../arm-none-eabi/lib/thumb/v7e-m+dp/hard\libc_nano.a(lib_a-mprec.o)
                0x000000000800e174                __d2b
 .text.__ratio  0x000000000800e22c       0x60 c:/st/stm32cubeide_1.8.0/stm32cubeide/plugins/com.st.stm32cube.ide.mcu.externaltools.gnu-tools-for-stm32.10.3-2021.10.win32_1.0.0.202111181127/tools/bin/../lib/gcc/arm-none-eabi/10.3.1/../../../../arm-none-eabi/lib/thumb/v7e-m+dp/hard\libc_nano.a(lib_a-mprec.o)
                0x000000000800e22c                __ratio
 .text.__copybits
                0x000000000800e28c       0x46 c:/st/stm32cubeide_1.8.0/stm32cubeide/plugins/com.st.stm32cube.ide.mcu.externaltools.gnu-tools-for-stm32.10.3-2021.10.win32_1.0.0.202111181127/tools/bin/../lib/gcc/arm-none-eabi/10.3.1/../../../../arm-none-eabi/lib/thumb/v7e-m+dp/hard\libc_nano.a(lib_a-mprec.o)
                0x000000000800e28c                __copybits
 .text.__any_on
                0x000000000800e2d2       0x42 c:/st/stm32cubeide_1.8.0/stm32cubeide/plugins/com.st.stm32cube.ide.mcu.externaltools.gnu-tools-for-stm32.10.3-2021.10.win32_1.0.0.202111181127/tools/bin/../lib/gcc/arm-none-eabi/10.3.1/../../../../arm-none-eabi/lib/thumb/v7e-m+dp/hard\libc_nano.a(lib_a-mprec.o)
                0x000000000800e2d2                __any_on
 .text._calloc_r
                0x000000000800e314       0x2c c:/st/stm32cubeide_1.8.0/stm32cubeide/plugins/com.st.stm32cube.ide.mcu.externaltools.gnu-tools-for-stm32.10.3-2021.10.win32_1.0.0.202111181127/tools/bin/../lib/gcc/arm-none-eabi/10.3.1/../../../../arm-none-eabi/lib/thumb/v7e-m+dp/hard\libc_nano.a(lib_a-nano-callocr.o)
                0x000000000800e314                _calloc_r
 .text._free_r  0x000000000800e340       0x98 c:/st/stm32cubeide_1.8.0/stm32cubeide/plugins/com.st.stm32cube.ide.mcu.externaltools.gnu-tools-for-stm32.10.3-2021.10.win32_1.0.0.202111181127/tools/bin/../lib/gcc/arm-none-eabi/10.3.1/../../../../arm-none-eabi/lib/thumb/v7e-m+dp/hard\libc_nano.a(lib_a-nano-freer.o)
                0x000000000800e340                _free_r
 .text.sbrk_aligned
                0x000000000800e3d8       0x40 c:/st/stm32cubeide_1.8.0/stm32cubeide/plugins/com.st.stm32cube.ide.mcu.externaltools.gnu-tools-for-stm32.10.3-2021.10.win32_1.0.0.202111181127/tools/bin/../lib/gcc/arm-none-eabi/10.3.1/../../../../arm-none-eabi/lib/thumb/v7e-m+dp/hard\libc_nano.a(lib_a-nano-mallocr.o)
 .text._malloc_r
                0x000000000800e418       0xe8 c:/st/stm32cubeide_1.8.0/stm32cubeide/plugins/com.st.stm32cube.ide.mcu.externaltools.gnu-tools-for-stm32.10.3-2021.10.win32_1.0.0.202111181127/tools/bin/../lib/gcc/arm-none-eabi/10.3.1/../../../../arm-none-eabi/lib/thumb/v7e-m+dp/hard\libc_nano.a(lib_a-nano-mallocr.o)
                0x000000000800e418                _malloc_r
 .text.__ssputs_r
                0x000000000800e500       0xb6 c:/st/stm32cubeide_1.8.0/stm32cubeide/plugins/com.st.stm32cube.ide.mcu.externaltools.gnu-tools-for-stm32.10.3-2021.10.win32_1.0.0.202111181127/tools/bin/../lib/gcc/arm-none-eabi/10.3.1/../../../../arm-none-eabi/lib/thumb/v7e-m+dp/hard\libc_nano.a(lib_a-nano-svfprintf.o)
                0x000000000800e500                __ssputs_r
 *fill*         0x000000000800e5b6        0x2 
 .text._svfprintf_r
                0x000000000800e5b8      0x200 c:/st/stm32cubeide_1.8.0/stm32cubeide/plugins/com.st.stm32cube.ide.mcu.externaltools.gnu-tools-for-stm32.10.3-2021.10.win32_1.0.0.202111181127/tools/bin/../lib/gcc/arm-none-eabi/10.3.1/../../../../arm-none-eabi/lib/thumb/v7e-m+dp/hard\libc_nano.a(lib_a-nano-svfprintf.o)
                0x000000000800e5b8                _svfiprintf_r
                0x000000000800e5b8                _svfprintf_r
 .text.nan      0x000000000800e7b8       0x10 c:/st/stm32cubeide_1.8.0/stm32cubeide/plugins/com.st.stm32cube.ide.mcu.externaltools.gnu-tools-for-stm32.10.3-2021.10.win32_1.0.0.202111181127/tools/bin/../lib/gcc/arm-none-eabi/10.3.1/../../../../arm-none-eabi/lib/thumb/v7e-m+dp/hard\libc_nano.a(lib_a-s_nan.o)
                0x000000000800e7b8                nan
 .text._sbrk_r  0x000000000800e7c8       0x20 c:/st/stm32cubeide_1.8.0/stm32cubeide/plugins/com.st.stm32cube.ide.mcu.externaltools.gnu-tools-for-stm32.10.3-2021.10.win32_1.0.0.202111181127/tools/bin/../lib/gcc/arm-none-eabi/10.3.1/../../../../arm-none-eabi/lib/thumb/v7e-m+dp/hard\libc_nano.a(lib_a-sbrkr.o)
                0x000000000800e7c8                _sbrk_r
 .text.strncmp  0x000000000800e7e8       0x28 c:/st/stm32cubeide_1.8.0/stm32cubeide/plugins/com.st.stm32cube.ide.mcu.externaltools.gnu-tools-for-stm32.10.3-2021.10.win32_1.0.0.202111181127/tools/bin/../lib/gcc/arm-none-eabi/10.3.1/../../../../arm-none-eabi/lib/thumb/v7e-m+dp/hard\libc_nano.a(lib_a-strncmp.o)
                0x000000000800e7e8                strncmp
 .text.__ascii_wctomb
                0x000000000800e810       0x1a c:/st/stm32cubeide_1.8.0/stm32cubeide/plugins/com.st.stm32cube.ide.mcu.externaltools.gnu-tools-for-stm32.10.3-2021.10.win32_1.0.0.202111181127/tools/bin/../lib/gcc/arm-none-eabi/10.3.1/../../../../arm-none-eabi/lib/thumb/v7e-m+dp/hard\libc_nano.a(lib_a-wctomb_r.o)
                0x000000000800e810                __ascii_wctomb
 *fill*         0x000000000800e82a        0x2 
 .text.__assert_func
                0x000000000800e82c       0x3c c:/st/stm32cubeide_1.8.0/stm32cubeide/plugins/com.st.stm32cube.ide.mcu.externaltools.gnu-tools-for-stm32.10.3-2021.10.win32_1.0.0.202111181127/tools/bin/../lib/gcc/arm-none-eabi/10.3.1/../../../../arm-none-eabi/lib/thumb/v7e-m+dp/hard\libc_nano.a(lib_a-assert.o)
                0x000000000800e82c                __assert_func
 .text.fprintf  0x000000000800e868       0x24 c:/st/stm32cubeide_1.8.0/stm32cubeide/plugins/com.st.stm32cube.ide.mcu.externaltools.gnu-tools-for-stm32.10.3-2021.10.win32_1.0.0.202111181127/tools/bin/../lib/gcc/arm-none-eabi/10.3.1/../../../../arm-none-eabi/lib/thumb/v7e-m+dp/hard\libc_nano.a(lib_a-fprintf.o)
                0x000000000800e868                fiprintf
                0x000000000800e868                fprintf
 .text.memmove  0x000000000800e88c       0x34 c:/st/stm32cubeide_1.8.0/stm32cubeide/plugins/com.st.stm32cube.ide.mcu.externaltools.gnu-tools-for-stm32.10.3-2021.10.win32_1.0.0.202111181127/tools/bin/../lib/gcc/arm-none-eabi/10.3.1/../../../../arm-none-eabi/lib/thumb/v7e-m+dp/hard\libc_nano.a(lib_a-memmove.o)
                0x000000000800e88c                memmove
 .text.__malloc_lock
                0x000000000800e8c0        0xc c:/st/stm32cubeide_1.8.0/stm32cubeide/plugins/com.st.stm32cube.ide.mcu.externaltools.gnu-tools-for-stm32.10.3-2021.10.win32_1.0.0.202111181127/tools/bin/../lib/gcc/arm-none-eabi/10.3.1/../../../../arm-none-eabi/lib/thumb/v7e-m+dp/hard\libc_nano.a(lib_a-mlock.o)
                0x000000000800e8c0                __malloc_lock
 .text.__malloc_unlock
                0x000000000800e8cc        0xc c:/st/stm32cubeide_1.8.0/stm32cubeide/plugins/com.st.stm32cube.ide.mcu.externaltools.gnu-tools-for-stm32.10.3-2021.10.win32_1.0.0.202111181127/tools/bin/../lib/gcc/arm-none-eabi/10.3.1/../../../../arm-none-eabi/lib/thumb/v7e-m+dp/hard\libc_nano.a(lib_a-mlock.o)
                0x000000000800e8cc                __malloc_unlock
 .text._realloc_r
                0x000000000800e8d8       0x5e c:/st/stm32cubeide_1.8.0/stm32cubeide/plugins/com.st.stm32cube.ide.mcu.externaltools.gnu-tools-for-stm32.10.3-2021.10.win32_1.0.0.202111181127/tools/bin/../lib/gcc/arm-none-eabi/10.3.1/../../../../arm-none-eabi/lib/thumb/v7e-m+dp/hard\libc_nano.a(lib_a-nano-reallocr.o)
                0x000000000800e8d8                _realloc_r
 .text.__sfputc_r
                0x000000000800e936       0x2e c:/st/stm32cubeide_1.8.0/stm32cubeide/plugins/com.st.stm32cube.ide.mcu.externaltools.gnu-tools-for-stm32.10.3-2021.10.win32_1.0.0.202111181127/tools/bin/../lib/gcc/arm-none-eabi/10.3.1/../../../../arm-none-eabi/lib/thumb/v7e-m+dp/hard\libc_nano.a(lib_a-nano-vfprintf.o)
 .text.__sfputs_r
                0x000000000800e964       0x24 c:/st/stm32cubeide_1.8.0/stm32cubeide/plugins/com.st.stm32cube.ide.mcu.externaltools.gnu-tools-for-stm32.10.3-2021.10.win32_1.0.0.202111181127/tools/bin/../lib/gcc/arm-none-eabi/10.3.1/../../../../arm-none-eabi/lib/thumb/v7e-m+dp/hard\libc_nano.a(lib_a-nano-vfprintf.o)
                0x000000000800e964                __sfputs_r
 .text._vfprintf_r
                0x000000000800e988      0x260 c:/st/stm32cubeide_1.8.0/stm32cubeide/plugins/com.st.stm32cube.ide.mcu.externaltools.gnu-tools-for-stm32.10.3-2021.10.win32_1.0.0.202111181127/tools/bin/../lib/gcc/arm-none-eabi/10.3.1/../../../../arm-none-eabi/lib/thumb/v7e-m+dp/hard\libc_nano.a(lib_a-nano-vfprintf.o)
                0x000000000800e988                _vfprintf_r
                0x000000000800e988                _vfiprintf_r
 .text.__swbuf_r
                0x000000000800ebe8       0xa4 c:/st/stm32cubeide_1.8.0/stm32cubeide/plugins/com.st.stm32cube.ide.mcu.externaltools.gnu-tools-for-stm32.10.3-2021.10.win32_1.0.0.202111181127/tools/bin/../lib/gcc/arm-none-eabi/10.3.1/../../../../arm-none-eabi/lib/thumb/v7e-m+dp/hard\libc_nano.a(lib_a-wbuf.o)
                0x000000000800ebe8                __swbuf_r
 .text.__swsetup_r
                0x000000000800ec8c       0xdc c:/st/stm32cubeide_1.8.0/stm32cubeide/plugins/com.st.stm32cube.ide.mcu.externaltools.gnu-tools-for-stm32.10.3-2021.10.win32_1.0.0.202111181127/tools/bin/../lib/gcc/arm-none-eabi/10.3.1/../../../../arm-none-eabi/lib/thumb/v7e-m+dp/hard\libc_nano.a(lib_a-wsetup.o)
                0x000000000800ec8c                __swsetup_r
 .text.abort    0x000000000800ed68        0xe c:/st/stm32cubeide_1.8.0/stm32cubeide/plugins/com.st.stm32cube.ide.mcu.externaltools.gnu-tools-for-stm32.10.3-2021.10.win32_1.0.0.202111181127/tools/bin/../lib/gcc/arm-none-eabi/10.3.1/../../../../arm-none-eabi/lib/thumb/v7e-m+dp/hard\libc_nano.a(lib_a-abort.o)
                0x000000000800ed68                abort
 *fill*         0x000000000800ed76        0x2 
 .text.__sflush_r
                0x000000000800ed78      0x10c c:/st/stm32cubeide_1.8.0/stm32cubeide/plugins/com.st.stm32cube.ide.mcu.externaltools.gnu-tools-for-stm32.10.3-2021.10.win32_1.0.0.202111181127/tools/bin/../lib/gcc/arm-none-eabi/10.3.1/../../../../arm-none-eabi/lib/thumb/v7e-m+dp/hard\libc_nano.a(lib_a-fflush.o)
                0x000000000800ed78                __sflush_r
 .text._fflush_r
                0x000000000800ee84       0x78 c:/st/stm32cubeide_1.8.0/stm32cubeide/plugins/com.st.stm32cube.ide.mcu.externaltools.gnu-tools-for-stm32.10.3-2021.10.win32_1.0.0.202111181127/tools/bin/../lib/gcc/arm-none-eabi/10.3.1/../../../../arm-none-eabi/lib/thumb/v7e-m+dp/hard\libc_nano.a(lib_a-fflush.o)
                0x000000000800ee84                _fflush_r
 .text.std      0x000000000800eefc       0x48 c:/st/stm32cubeide_1.8.0/stm32cubeide/plugins/com.st.stm32cube.ide.mcu.externaltools.gnu-tools-for-stm32.10.3-2021.10.win32_1.0.0.202111181127/tools/bin/../lib/gcc/arm-none-eabi/10.3.1/../../../../arm-none-eabi/lib/thumb/v7e-m+dp/hard\libc_nano.a(lib_a-findfp.o)
 .text._cleanup_r
                0x000000000800ef44        0xc c:/st/stm32cubeide_1.8.0/stm32cubeide/plugins/com.st.stm32cube.ide.mcu.externaltools.gnu-tools-for-stm32.10.3-2021.10.win32_1.0.0.202111181127/tools/bin/../lib/gcc/arm-none-eabi/10.3.1/../../../../arm-none-eabi/lib/thumb/v7e-m+dp/hard\libc_nano.a(lib_a-findfp.o)
                0x000000000800ef44                _cleanup_r
 .text.__sfmoreglue
                0x000000000800ef50       0x2c c:/st/stm32cubeide_1.8.0/stm32cubeide/plugins/com.st.stm32cube.ide.mcu.externaltools.gnu-tools-for-stm32.10.3-2021.10.win32_1.0.0.202111181127/tools/bin/../lib/gcc/arm-none-eabi/10.3.1/../../../../arm-none-eabi/lib/thumb/v7e-m+dp/hard\libc_nano.a(lib_a-findfp.o)
                0x000000000800ef50                __sfmoreglue
 .text.__sfp_lock_acquire
                0x000000000800ef7c        0xc c:/st/stm32cubeide_1.8.0/stm32cubeide/plugins/com.st.stm32cube.ide.mcu.externaltools.gnu-tools-for-stm32.10.3-2021.10.win32_1.0.0.202111181127/tools/bin/../lib/gcc/arm-none-eabi/10.3.1/../../../../arm-none-eabi/lib/thumb/v7e-m+dp/hard\libc_nano.a(lib_a-findfp.o)
                0x000000000800ef7c                __sfp_lock_acquire
 .text.__sfp_lock_release
                0x000000000800ef88        0xc c:/st/stm32cubeide_1.8.0/stm32cubeide/plugins/com.st.stm32cube.ide.mcu.externaltools.gnu-tools-for-stm32.10.3-2021.10.win32_1.0.0.202111181127/tools/bin/../lib/gcc/arm-none-eabi/10.3.1/../../../../arm-none-eabi/lib/thumb/v7e-m+dp/hard\libc_nano.a(lib_a-findfp.o)
                0x000000000800ef88                __sfp_lock_release
 .text.__sinit_lock_acquire
                0x000000000800ef94        0xc c:/st/stm32cubeide_1.8.0/stm32cubeide/plugins/com.st.stm32cube.ide.mcu.externaltools.gnu-tools-for-stm32.10.3-2021.10.win32_1.0.0.202111181127/tools/bin/../lib/gcc/arm-none-eabi/10.3.1/../../../../arm-none-eabi/lib/thumb/v7e-m+dp/hard\libc_nano.a(lib_a-findfp.o)
                0x000000000800ef94                __sinit_lock_acquire
 .text.__sinit_lock_release
                0x000000000800efa0        0xc c:/st/stm32cubeide_1.8.0/stm32cubeide/plugins/com.st.stm32cube.ide.mcu.externaltools.gnu-tools-for-stm32.10.3-2021.10.win32_1.0.0.202111181127/tools/bin/../lib/gcc/arm-none-eabi/10.3.1/../../../../arm-none-eabi/lib/thumb/v7e-m+dp/hard\libc_nano.a(lib_a-findfp.o)
                0x000000000800efa0                __sinit_lock_release
 .text.__sinit  0x000000000800efac       0x70 c:/st/stm32cubeide_1.8.0/stm32cubeide/plugins/com.st.stm32cube.ide.mcu.externaltools.gnu-tools-for-stm32.10.3-2021.10.win32_1.0.0.202111181127/tools/bin/../lib/gcc/arm-none-eabi/10.3.1/../../../../arm-none-eabi/lib/thumb/v7e-m+dp/hard\libc_nano.a(lib_a-findfp.o)
                0x000000000800efac                __sinit