../Core/Src/main.cpp:103:6:void HAL_GPIO_EXTI_Callback(uint16_t)	16	static
../Core/Src/main.cpp:108:6:void HAL_UART_RxCpltCallback(UART_HandleTypeDef*)	16	static
../Core/Src/main.cpp:151:5:int main()	80	static
../Core/Src/main.cpp:234:6:void SystemClock_Config()	88	static
../Core/Src/main.cpp:288:13:void MX_I2C1_Init()	8	static
../Core/Src/main.cpp:333:13:void MX_TIM2_Init()	64	static
../Core/Src/main.cpp:387:13:void MX_TIM3_Init()	40	static
../Core/Src/main.cpp:429:13:void MX_TIM4_Init()	48	static
../Core/Src/main.cpp:478:13:void MX_USART3_UART_Init()	8	static
../Core/Src/main.cpp:513:13:void MX_USB_OTG_FS_PCD_Init()	8	static
../Core/Src/main.cpp:549:13:void MX_GPIO_Init()	56	static
../Core/Inc/Step_Motor.h:13:7:Step_Motor::Step_Motor()	16	static
../Core/Src/main.cpp:699:6:void Motors_control_method(const void*)	120	static
../Core/Src/main.cpp:740:6:void Sensor_reading_method(const void*)	104	static
../Core/Src/main.cpp:756:6:void Send_data_via_UART(const void*)	176	static
../Core/Src/main.cpp:772:6:void Error_Handler()	4	static,ignoring_inline_asm
../Core/Src/main.cpp:779:1:void __static_initialization_and_destruction_0(int, int)	16	static
../Core/Src/main.cpp:779:1:cpp)	8	static
